2026-06-14 18:49:00 [INFO] ============================================================
2026-06-14 18:49:00 [INFO] FOLD 3 — pipeline start
2026-06-14 18:49:00 [INFO] ============================================================
2026-06-14 18:49:00 [INFO] [fold=3] ▶ START load_data
2026-06-14 18:49:09 [INFO] train: 4,263,279 rows | fraud=3,455 (0.081%)
2026-06-14 18:49:09 [INFO] test: 1,051,462 rows | fraud=710 (0.068%)
2026-06-14 18:49:09 [INFO] [fold=3] ✔ DONE  load_data  (9.3s)
2026-06-14 18:49:12 [INFO] train_argn (holdout reserved, unused): 3,410,623 rows | fraud=2,764 (0.081%)
2026-06-14 18:49:12 [INFO] holdout (reserved, unused): 852,656 rows | fraud=691 (0.081%)
2026-06-14 18:49:13 [INFO] M1: 3,455 rows | fraud=3,455 (100.000%)
2026-06-14 18:49:13 [INFO] M2: 429,438 rows | fraud=3,455 (0.805%)
2026-06-14 18:49:13 [INFO] M3: 4,263,279 rows | fraud=3,455 (0.081%)
2026-06-14 18:49:13 [INFO] [fold=3] ▶ START train_all_argns
2026-06-14 18:49:18 [INFO] running on Python (3.11.15)
2026-06-14 18:49:18 [INFO] [fold=3] ▶ START train_m1
2026-06-14 18:50:09 [INFO] [fold=3] ✔ DONE  train_m1  (51.2s)
2026-06-14 18:50:09 [INFO] [fold=3] m1_only=True — skipping M2 and M3 training
2026-06-14 18:50:09 [INFO] [fold=3] ✔ DONE  train_all_argns  (56.1s)
2026-06-14 18:50:09 [INFO] [fold=3] ▶ START generate_all_pools
2026-06-14 18:50:09 [INFO] [fold=3] Generating M1 only on cuda:0
2026-06-14 18:50:09 [INFO] [fold=3] ▶ START generate_m1
2026-06-14 18:50:11 [INFO] [fold=3] M1 pool: 150,000/50,000 fraud rows (round 1)
2026-06-14 18:50:11 [INFO] [fold=3] M1 pool saved: 50,000 fraud rows → /shared/paysim-sarmad/synthetic/fold_3/pool_m1.csv
2026-06-14 18:50:11 [INFO] [fold=3] ✔ DONE  generate_m1  (1.5s)
2026-06-14 18:50:11 [INFO] [fold=3] ✔ DONE  generate_all_pools  (1.5s)
2026-06-14 18:50:11 [INFO] [fold=3] TOTAL elapsed: 71.0s  (0.02h)
2026-06-14 18:50:11 [INFO] [fold=3] stop_after_generation=True — skipping baseline_eval + optuna_studies
2026-06-14 18:50:11 [INFO] [fold=3] Combined fraud pool exported: 50000 rows → /shared/paysim-sarmad/synthetic/for_classifier/split_3.csv
2026-06-14 18:50:11 [INFO] [fold=3] Results saved → /shared/paysim-sarmad/results/fold_3_results.json
NFO] [fold=3] Results saved → /shared/paysim-sarmad/results/fold_3_results.json
