2026-06-14 18:54:49 [INFO] ============================================================
2026-06-14 18:54:49 [INFO] FOLD 4 — pipeline start
2026-06-14 18:54:49 [INFO] ============================================================
2026-06-14 18:54:49 [INFO] [fold=4] ▶ START load_data
2026-06-14 18:55:00 [INFO] train: 5,314,741 rows | fraud=4,165 (0.078%)
2026-06-14 18:55:00 [INFO] test: 1,047,879 rows | fraud=4,048 (0.386%)
2026-06-14 18:55:00 [INFO] [fold=4] ✔ DONE  load_data  (10.9s)
2026-06-14 18:55:03 [INFO] train_argn (holdout reserved, unused): 4,251,792 rows | fraud=3,332 (0.078%)
2026-06-14 18:55:03 [INFO] holdout (reserved, unused): 1,062,949 rows | fraud=833 (0.078%)
2026-06-14 18:55:05 [INFO] M1: 4,165 rows | fraud=4,165 (100.000%)
2026-06-14 18:55:05 [INFO] M2: 535,223 rows | fraud=4,165 (0.778%)
2026-06-14 18:55:05 [INFO] M3: 5,314,741 rows | fraud=4,165 (0.078%)
2026-06-14 18:55:05 [INFO] [fold=4] ▶ START train_all_argns
2026-06-14 18:55:09 [INFO] running on Python (3.11.15)
2026-06-14 18:55:09 [INFO] [fold=4] ▶ START train_m1
2026-06-14 18:55:59 [INFO] [fold=4] ✔ DONE  train_m1  (50.0s)
2026-06-14 18:55:59 [INFO] [fold=4] m1_only=True — skipping M2 and M3 training
2026-06-14 18:55:59 [INFO] [fold=4] ✔ DONE  train_all_argns  (54.4s)
2026-06-14 18:55:59 [INFO] [fold=4] ▶ START generate_all_pools
2026-06-14 18:55:59 [INFO] [fold=4] Generating M1 only on cuda:0
2026-06-14 18:55:59 [INFO] [fold=4] ▶ START generate_m1
2026-06-14 18:56:00 [INFO] [fold=4] M1 pool: 150,000/50,000 fraud rows (round 1)
2026-06-14 18:56:01 [INFO] [fold=4] M1 pool saved: 50,000 fraud rows → /shared/paysim-sarmad/synthetic/fold_4/pool_m1.csv
2026-06-14 18:56:01 [INFO] [fold=4] ✔ DONE  generate_m1  (1.5s)
2026-06-14 18:56:01 [INFO] [fold=4] ✔ DONE  generate_all_pools  (1.5s)
2026-06-14 18:56:01 [INFO] [fold=4] TOTAL elapsed: 72.0s  (0.02h)
2026-06-14 18:56:01 [INFO] [fold=4] stop_after_generation=True — skipping baseline_eval + optuna_studies
2026-06-14 18:56:01 [INFO] [fold=4] Combined fraud pool exported: 50000 rows → /shared/paysim-sarmad/synthetic/for_classifier/split_4.csv
2026-06-14 18:56:01 [INFO] [fold=4] Results saved → /shared/paysim-sarmad/results/fold_4_results.json
2026-06-14 18:56:01 [INFO] [fold=4] ==================================================
2026-06-14 18:56:01 [INFO] [fold=4] FOLD 4 DONE — total 72.0s (1.2min)
2026-06-14 18:56:01 [INFO] [fold=4] ==================================================
06-14 18:56:01 [INFO] [fold=4] ==================================================
