2026/06/12 11:31:35 INFO mlflow.tracking.fluent: Experiment with name 'paysim-fold-0' does not exist. Creating a new experiment.
2026-06-12 11:31:35 [INFO] paysim — ============================================================
2026-06-12 11:31:35 [INFO] paysim — FOLD 0 — pipeline start
2026-06-12 11:31:35 [INFO] paysim — ============================================================
2026-06-12 11:31:35 [INFO] paysim — [fold=0] ▶ START load_data
2026-06-12 11:31:46 [INFO] paysim — train: 5,090,096 rows | fraud=6,570 (0.129%)
2026-06-12 11:31:46 [INFO] paysim — test: 1,272,524 rows | fraud=1,643 (0.129%)
2026-06-12 11:31:46 [INFO] paysim — [fold=0] ✔ DONE  load_data  (10.9s)
2026-06-12 11:31:49 [INFO] paysim — train_argn: 4,072,076 rows | fraud=5,256 (0.129%)
2026-06-12 11:31:49 [INFO] paysim — holdout: 1,018,020 rows | fraud=1,314 (0.129%)
2026-06-12 11:31:50 [INFO] paysim — M1: 5,256 rows | fraud=5,256 (100.000%)
2026-06-12 11:31:50 [INFO] paysim — M2: 411,937 rows | fraud=5,256 (1.276%)
2026-06-12 11:31:50 [INFO] paysim — M3: 4,072,076 rows | fraud=5,256 (0.129%)
2026-06-12 11:31:50 [INFO] paysim — [fold=0] ▶ START train_all_argns
2026-06-12 11:31:54 [INFO] mostlyai.engine._common — running on Python (3.11.15)
2026-06-12 11:31:56 [INFO] paysim — [fold=0] Launching M3 on cuda:1 (subprocess)
2026-06-12 11:31:56 [INFO] paysim — [fold=0] ▶ START train_m1
[2026-06-12 11:31:56,916] INFO   : SPLIT started
[2026-06-12 11:31:56,916] INFO   : create `/shared/paysim-sarmad/models/fold_0/m1/OriginalData/tgt-data`
[2026-06-12 11:31:56,916] INFO   : create `/shared/paysim-sarmad/models/fold_0/m1/OriginalData/tgt-meta`
[2026-06-12 11:31:56,916] INFO   : model_type='TABULAR'
[2026-06-12 11:31:56,917] INFO   : tgt_encoding_types={'step': 'TABULAR_NUMERIC_AUTO', 'type': 'TABULAR_CATEGORICAL', 'amount': 'TABULAR_NUMERIC_AUTO', 'oldbalanceOrg': 'TABULAR_NUMERIC_AUTO', 'newbalanceOrig': 'TABULAR_NUMERIC_AUTO', 'oldbalanceDest': 'TABULAR_NUMERIC_AUTO', 'newbalanceDest': 'TABULAR_NUMERIC_AUTO', 'isFraud': 'TABULAR_NUMERIC_AUTO', 'isFlaggedFraud': 'TABULAR_NUMERIC_AUTO'}
[2026-06-12 11:31:56,929] INFO   : SPLIT finished in 0.01s
[2026-06-12 11:31:56,929] INFO   : ANALYZE started
[2026-06-12 11:31:56,930] INFO   : create `/shared/paysim-sarmad/models/fold_0/m1/ModelStore/tgt-stats`
[2026-06-12 11:31:56,930] INFO   : analyzing 2 partitions in parallel
[2026-06-12 11:32:03,175] INFO   : analyzed target partition 000000-trn (4205, 9)
2026-06-12 11:32:03 [INFO] mostlyai.engine._common — running on Python (3.11.15)
[2026-06-12 11:32:04,324] INFO   : SPLIT started
[2026-06-12 11:32:04,324] INFO   : create `/shared/paysim-sarmad/models/fold_0/m3/OriginalData/tgt-data`
[2026-06-12 11:32:04,324] INFO   : create `/shared/paysim-sarmad/models/fold_0/m3/OriginalData/tgt-meta`
[2026-06-12 11:32:04,325] INFO   : model_type='TABULAR'
[2026-06-12 11:32:04,325] INFO   : tgt_encoding_types={'step': 'TABULAR_NUMERIC_AUTO', 'type': 'TABULAR_CATEGORICAL', 'amount': 'TABULAR_NUMERIC_AUTO', 'oldbalanceOrg': 'TABULAR_NUMERIC_AUTO', 'newbalanceOrig': 'TABULAR_NUMERIC_AUTO', 'oldbalanceDest': 'TABULAR_NUMERIC_AUTO', 'newbalanceDest': 'TABULAR_NUMERIC_AUTO', 'isFraud': 'TABULAR_NUMERIC_AUTO', 'isFlaggedFraud': 'TABULAR_NUMERIC_AUTO'}
[2026-06-12 11:32:07,867] INFO   : SPLIT finished in 3.54s
[2026-06-12 11:32:07,890] INFO   : ANALYZE started
[2026-06-12 11:32:07,890] INFO   : create `/shared/paysim-sarmad/models/fold_0/m3/ModelStore/tgt-stats`
[2026-06-12 11:32:07,891] INFO   : analyzing 2 partitions in parallel
[2026-06-12 11:32:09,107] INFO   : analyzed target partition 000000-val (1051, 9)
[2026-06-12 11:32:09,107] INFO   : combine partition statistics
[2026-06-12 11:32:09,115] INFO   : value_protection = True
[2026-06-12 11:32:09,116] INFO   : analyzed column `step`: TABULAR_NUMERIC_DIGIT {'E2': 8, 'E1': 10, 'E0': 10}
[2026-06-12 11:32:09,116] INFO   : analyzed column `type`: TABULAR_CATEGORICAL {'cat': 3}
[2026-06-12 11:32:09,118] INFO   : analyzed column `amount`: TABULAR_NUMERIC_BINNED {'bin': 103}
[2026-06-12 11:32:09,119] INFO   : analyzed column `oldbalanceOrg`: TABULAR_NUMERIC_BINNED {'bin': 103}
[2026-06-12 11:32:09,120] INFO   : analyzed column `newbalanceOrig`: TABULAR_NUMERIC_BINNED {'bin': 34}
[2026-06-12 11:32:09,124] INFO   : analyzed column `oldbalanceDest`: TABULAR_NUMERIC_BINNED {'bin': 103}
[2026-06-12 11:32:09,128] INFO   : analyzed column `newbalanceDest`: TABULAR_NUMERIC_BINNED {'bin': 103}
[2026-06-12 11:32:09,128] INFO   : analyzed column `isFraud`: TABULAR_NUMERIC_DISCRETE {'cat': 2}
[2026-06-12 11:32:09,128] INFO   : analyzed column `isFlaggedFraud`: TABULAR_NUMERIC_DISCRETE {'cat': 3}
[2026-06-12 11:32:09,128] INFO   : analyzed 5,256 records: 4,205 training / 1,051 validation
[2026-06-12 11:32:09,129] INFO   : is_sequential: False
[2026-06-12 11:32:09,129] INFO   : write statistics to `/shared/paysim-sarmad/models/fold_0/m1/ModelStore/tgt-stats/stats.json`
[2026-06-12 11:32:09,131] INFO   : ANALYZE finished in 12.20s
[2026-06-12 11:32:09,131] INFO   : ENCODE_TABULAR started
[2026-06-12 11:32:09,131] INFO   : create `/shared/paysim-sarmad/models/fold_0/m1/OriginalData/encoded-data`
[2026-06-12 11:32:09,131] INFO   : clean `/shared/paysim-sarmad/models/fold_0/m1/OriginalData/encoded-data`
[2026-06-12 11:32:09,132] INFO   : clean `/shared/paysim-sarmad/models/fold_0/m1/OriginalData/encoded-data`
[2026-06-12 11:32:09,202] INFO   : encoded partition part.000000-trn.parquet (4205, 11)
[2026-06-12 11:32:09,229] INFO   : encoded partition part.000000-val.parquet (1051, 11)
[2026-06-12 11:32:09,230] INFO   : ENCODE_TABULAR finished in 0.10s
[2026-06-12 11:32:09,230] INFO   : TRAIN_TABULAR started
[2026-06-12 11:32:09,235] INFO   : numpy=2.4.4, pandas=2.3.3
[2026-06-12 11:32:09,237] INFO   : torch=2.5.1+cu121, opacus=1.4.0
[2026-06-12 11:32:09,237] INFO   : device=device(type='cuda', index=0)
[2026-06-12 11:32:09,237] INFO   : is_sequential=False
[2026-06-12 11:32:09,237] INFO   : max_training_time=864000.0s
[2026-06-12 11:32:09,237] INFO   : max_epochs=50
[2026-06-12 11:32:09,237] INFO   : model_size=<ModelSize.M: 'M'>
[2026-06-12 11:32:09,237] INFO   : enable_flexible_generation=True
[2026-06-12 11:32:09,237] INFO   : with_dp=False
[2026-06-12 11:32:09,237] INFO   : model_state_strategy=<ModelStateStrategy.reset: 'RESET'>
[2026-06-12 11:32:09,238] INFO   : max_sequence_window=np.int64(1)
[2026-06-12 11:32:09,244] INFO   : create training model
[2026-06-12 11:32:09,974] INFO   : initializing predictor bias with empirical log probabilities
[2026-06-12 11:32:09,977] INFO   : model class: FlatModel
[2026-06-12 11:32:09,977] INFO   : model weights not found; change strategy from ModelStateStrategy.reset to RESET
[2026-06-12 11:32:09,977] INFO   : model_state_strategy=<ModelStateStrategy.reset: 'RESET'>
[2026-06-12 11:32:09,977] INFO   : remove existing checkpoint files
[2026-06-12 11:32:09,978] INFO   : start training progress from epoch=0.0, steps=0
[2026-06-12 11:32:09,979] INFO   : no_of_model_params=np.int64(93204)
2026-06-12 11:32:10 [INFO] httpx — HTTP Request: HEAD https://s3.amazonaws.com/datasets.huggingface.co/datasets/datasets/parquet/parquet.py "HTTP/1.1 404 Not Found"
2026-06-12 11:32:10 [INFO] httpx — HTTP Request: HEAD https://s3.amazonaws.com/datasets.huggingface.co/datasets/datasets/parquet/parquet.py "HTTP/1.1 404 Not Found"
[2026-06-12 11:32:10,303] INFO   : trn_cnt=4205, val_cnt=1051
[2026-06-12 11:32:10,303] INFO   : len(tgt_sub_columns)=11, len(ctxflt_sub_columns)=0, len(ctxseq_sub_columns)=0
[2026-06-12 11:32:10,303] INFO   : tgt_cardinalities_deciles=[np.int64(2), np.int64(3), np.int64(3), np.int64(8), np.int64(10), np.int64(10), np.int64(34), np.int64(103), np.int64(103), np.int64(103), np.int64(103)]
[2026-06-12 11:32:10,303] INFO   : trn_batch_size=64, val_batch_size=64
[2026-06-12 11:32:10,304] INFO   : trn_steps=65, val_steps=16
[2026-06-12 11:32:10,304] INFO   : batch_size=64, gradient_accumulation_steps=1, initial_lr=np.float64(0.00141)
[2026-06-12 11:32:11,050] INFO   : {'epoch': 0.02, 'is_checkpoint': 0, 'steps': 1, 'samples': 64, 'trn_loss': 21.9731, 'val_loss': None, 'total_time': 0.7, 'learn_rate': 0.00141, 'dp_eps': None, 'dp_delta': None}
[2026-06-12 11:32:12,050] INFO   : {'epoch': 1.0, 'is_checkpoint': 1, 'steps': 65, 'samples': 4160, 'trn_loss': 21.6922, 'val_loss': 21.1243, 'total_time': 1.7, 'learn_rate': 0.00141, 'dp_eps': None, 'dp_delta': None}
[2026-06-12 11:32:13,080] INFO   : {'epoch': 2.0, 'is_checkpoint': 1, 'steps': 130, 'samples': 8301, 'trn_loss': 21.0184, 'val_loss': 20.6029, 'total_time': 2.8, 'learn_rate': 0.00141, 'dp_eps': None, 'dp_delta': None}
[2026-06-12 11:32:14,071] INFO   : {'epoch': 3.0, 'is_checkpoint': 1, 'steps': 195, 'samples': 12442, 'trn_loss': 20.3963, 'val_loss': 19.9824, 'total_time': 3.8, 'learn_rate': 0.00141, 'dp_eps': None, 'dp_delta': None}
[2026-06-12 11:32:15,071] INFO   : {'epoch': 4.0, 'is_checkpoint': 1, 'steps': 260, 'samples': 16583, 'trn_loss': 19.6512, 'val_loss': 19.2862, 'total_time': 4.8, 'learn_rate': 0.00141, 'dp_eps': None, 'dp_delta': None}
[2026-06-12 11:32:16,016] INFO   : {'epoch': 5.0, 'is_checkpoint': 1, 'steps': 325, 'samples': 20724, 'trn_loss': 18.9805, 'val_loss': 18.6861, 'total_time': 5.7, 'learn_rate': 0.00141, 'dp_eps': None, 'dp_delta': None}
[2026-06-12 11:32:16,951] INFO   : {'epoch': 6.0, 'is_checkpoint': 1, 'steps': 390, 'samples': 24865, 'trn_loss': 18.5306, 'val_loss': 18.2239, 'total_time': 6.6, 'learn_rate': 0.00141, 'dp_eps': None, 'dp_delta': None}
[2026-06-12 11:32:17,893] INFO   : {'epoch': 7.0, 'is_checkpoint': 1, 'steps': 455, 'samples': 29006, 'trn_loss': 18.1256, 'val_loss': 17.8638, 'total_time': 7.6, 'learn_rate': 0.00141, 'dp_eps': None, 'dp_delta': None}
[2026-06-12 11:32:18,838] INFO   : {'epoch': 8.0, 'is_checkpoint': 1, 'steps': 520, 'samples': 33147, 'trn_loss': 17.8108, 'val_loss': 17.6524, 'total_time': 8.5, 'learn_rate': 0.00141, 'dp_eps': None, 'dp_delta': None}
[2026-06-12 11:32:19,887] INFO   : {'epoch': 9.0, 'is_checkpoint': 1, 'steps': 585, 'samples': 37288, 'trn_loss': 17.6268, 'val_loss': 17.5369, 'total_time': 9.6, 'learn_rate': 0.00141, 'dp_eps': None, 'dp_delta': None}
[2026-06-12 11:32:20,959] INFO   : {'epoch': 10.0, 'is_checkpoint': 1, 'steps': 650, 'samples': 41429, 'trn_loss': 17.3869, 'val_loss': 17.4302, 'total_time': 10.7, 'learn_rate': 0.00141, 'dp_eps': None, 'dp_delta': None}
[2026-06-12 11:32:21,971] INFO   : {'epoch': 11.0, 'is_checkpoint': 1, 'steps': 715, 'samples': 45570, 'trn_loss': 17.3566, 'val_loss': 17.2923, 'total_time': 11.7, 'learn_rate': 0.00141, 'dp_eps': None, 'dp_delta': None}
[2026-06-12 11:32:22,968] INFO   : {'epoch': 12.0, 'is_checkpoint': 1, 'steps': 780, 'samples': 49711, 'trn_loss': 17.1432, 'val_loss': 17.2624, 'total_time': 12.7, 'learn_rate': 0.00141, 'dp_eps': None, 'dp_delta': None}
[2026-06-12 11:32:24,030] INFO   : {'epoch': 13.0, 'is_checkpoint': 1, 'steps': 845, 'samples': 53852, 'trn_loss': 17.1016, 'val_loss': 17.1635, 'total_time': 13.7, 'learn_rate': 0.00141, 'dp_eps': None, 'dp_delta': None}
[2026-06-12 11:32:25,117] INFO   : {'epoch': 14.0, 'is_checkpoint': 1, 'steps': 910, 'samples': 57993, 'trn_loss': 16.9621, 'val_loss': 17.1494, 'total_time': 14.8, 'learn_rate': 0.00141, 'dp_eps': None, 'dp_delta': None}
[2026-06-12 11:32:26,163] INFO   : {'epoch': 15.0, 'is_checkpoint': 1, 'steps': 975, 'samples': 62134, 'trn_loss': 16.7952, 'val_loss': 17.0913, 'total_time': 15.9, 'learn_rate': 0.00141, 'dp_eps': None, 'dp_delta': None}
[2026-06-12 11:32:27,187] INFO   : {'epoch': 16.0, 'is_checkpoint': 1, 'steps': 1040, 'samples': 66275, 'trn_loss': 16.7515, 'val_loss': 17.0156, 'total_time': 16.9, 'learn_rate': 0.00141, 'dp_eps': None, 'dp_delta': None}
[2026-06-12 11:32:28,173] INFO   : {'epoch': 17.0, 'is_checkpoint': 1, 'steps': 1105, 'samples': 70416, 'trn_loss': 16.6731, 'val_loss': 16.9835, 'total_time': 17.9, 'learn_rate': 0.00141, 'dp_eps': None, 'dp_delta': None}
[2026-06-12 11:32:29,222] INFO   : {'epoch': 18.0, 'is_checkpoint': 1, 'steps': 1170, 'samples': 74557, 'trn_loss': 16.5362, 'val_loss': 16.9414, 'total_time': 18.9, 'learn_rate': 0.00141, 'dp_eps': None, 'dp_delta': None}
[2026-06-12 11:32:30,293] INFO   : {'epoch': 19.0, 'is_checkpoint': 1, 'steps': 1235, 'samples': 78698, 'trn_loss': 16.5669, 'val_loss': 16.8901, 'total_time': 20.0, 'learn_rate': 0.00141, 'dp_eps': None, 'dp_delta': None}
[2026-06-12 11:32:31,263] INFO   : {'epoch': 20.0, 'is_checkpoint': 1, 'steps': 1300, 'samples': 82839, 'trn_loss': 16.5177, 'val_loss': 16.8895, 'total_time': 21.0, 'learn_rate': 0.00141, 'dp_eps': None, 'dp_delta': None}
[2026-06-12 11:32:32,188] INFO   : {'epoch': 21.0, 'is_checkpoint': 0, 'steps': 1365, 'samples': 86980, 'trn_loss': 16.4459, 'val_loss': 16.9098, 'total_time': 21.9, 'learn_rate': 0.00141, 'dp_eps': None, 'dp_delta': None}
[2026-06-12 11:32:33,136] INFO   : {'epoch': 22.0, 'is_checkpoint': 1, 'steps': 1430, 'samples': 91121, 'trn_loss': 16.4209, 'val_loss': 16.839, 'total_time': 22.8, 'learn_rate': 0.00141, 'dp_eps': None, 'dp_delta': None}
[2026-06-12 11:32:34,077] INFO   : {'epoch': 23.0, 'is_checkpoint': 0, 'steps': 1495, 'samples': 95262, 'trn_loss': 16.3751, 'val_loss': 16.8548, 'total_time': 23.8, 'learn_rate': 0.00141, 'dp_eps': None, 'dp_delta': None}
[2026-06-12 11:32:35,028] INFO   : {'epoch': 24.0, 'is_checkpoint': 1, 'steps': 1560, 'samples': 99403, 'trn_loss': 16.3117, 'val_loss': 16.787, 'total_time': 24.7, 'learn_rate': 0.00141, 'dp_eps': None, 'dp_delta': None}
[2026-06-12 11:32:35,959] INFO   : {'epoch': 25.0, 'is_checkpoint': 0, 'steps': 1625, 'samples': 103544, 'trn_loss': 16.3181, 'val_loss': 16.8403, 'total_time': 25.7, 'learn_rate': 0.00141, 'dp_eps': None, 'dp_delta': None}
[2026-06-12 11:32:36,897] INFO   : {'epoch': 26.0, 'is_checkpoint': 1, 'steps': 1690, 'samples': 107685, 'trn_loss': 16.1155, 'val_loss': 16.752, 'total_time': 26.6, 'learn_rate': 0.00141, 'dp_eps': None, 'dp_delta': None}
[2026-06-12 11:32:37,837] INFO   : {'epoch': 27.0, 'is_checkpoint': 0, 'steps': 1755, 'samples': 111826, 'trn_loss': 16.1964, 'val_loss': 16.8068, 'total_time': 27.5, 'learn_rate': 0.00141, 'dp_eps': None, 'dp_delta': None}
[2026-06-12 11:32:38,785] INFO   : {'epoch': 28.0, 'is_checkpoint': 0, 'steps': 1820, 'samples': 115967, 'trn_loss': 16.0712, 'val_loss': 16.7598, 'total_time': 28.5, 'learn_rate': 0.00141, 'dp_eps': None, 'dp_delta': None}
[2026-06-12 11:32:39,734] INFO   : {'epoch': 29.0, 'is_checkpoint': 0, 'steps': 1885, 'samples': 120108, 'trn_loss': 16.0378, 'val_loss': 16.7554, 'total_time': 29.4, 'learn_rate': 0.00141, 'dp_eps': None, 'dp_delta': None}
[2026-06-12 11:32:40,674] INFO   : {'epoch': 30.0, 'is_checkpoint': 0, 'steps': 1950, 'samples': 124249, 'trn_loss': 15.9863, 'val_loss': 16.7722, 'total_time': 30.4, 'learn_rate': 0.000705, 'dp_eps': None, 'dp_delta': None}
[2026-06-12 11:32:41,627] INFO   : {'epoch': 31.0, 'is_checkpoint': 1, 'steps': 2015, 'samples': 128390, 'trn_loss': 15.98, 'val_loss': 16.7376, 'total_time': 31.3, 'learn_rate': 0.000705, 'dp_eps': None, 'dp_delta': None}
[2026-06-12 11:32:42,586] INFO   : {'epoch': 32.0, 'is_checkpoint': 1, 'steps': 2080, 'samples': 132531, 'trn_loss': 15.9178, 'val_loss': 16.6813, 'total_time': 32.3, 'learn_rate': 0.000705, 'dp_eps': None, 'dp_delta': None}
[2026-06-12 11:32:43,519] INFO   : {'epoch': 33.0, 'is_checkpoint': 0, 'steps': 2145, 'samples': 136672, 'trn_loss': 15.8986, 'val_loss': 16.7414, 'total_time': 33.2, 'learn_rate': 0.000705, 'dp_eps': None, 'dp_delta': None}
[2026-06-12 11:32:44,463] INFO   : {'epoch': 34.0, 'is_checkpoint': 0, 'steps': 2210, 'samples': 140813, 'trn_loss': 15.8797, 'val_loss': 16.7182, 'total_time': 34.2, 'learn_rate': 0.000705, 'dp_eps': None, 'dp_delta': None}
[2026-06-12 11:32:45,414] INFO   : {'epoch': 35.0, 'is_checkpoint': 1, 'steps': 2275, 'samples': 144954, 'trn_loss': 15.9309, 'val_loss': 16.6761, 'total_time': 35.1, 'learn_rate': 0.000705, 'dp_eps': None, 'dp_delta': None}
[2026-06-12 11:32:46,365] INFO   : {'epoch': 36.0, 'is_checkpoint': 0, 'steps': 2340, 'samples': 149095, 'trn_loss': 15.8668, 'val_loss': 16.7472, 'total_time': 36.1, 'learn_rate': 0.000705, 'dp_eps': None, 'dp_delta': None}
[2026-06-12 11:32:47,322] INFO   : {'epoch': 37.0, 'is_checkpoint': 1, 'steps': 2405, 'samples': 153236, 'trn_loss': 15.8485, 'val_loss': 16.6523, 'total_time': 37.0, 'learn_rate': 0.000705, 'dp_eps': None, 'dp_delta': None}
[2026-06-12 11:32:48,531] INFO   : {'epoch': 38.0, 'is_checkpoint': 0, 'steps': 2470, 'samples': 157377, 'trn_loss': 15.8397, 'val_loss': 16.7001, 'total_time': 38.2, 'learn_rate': 0.000705, 'dp_eps': None, 'dp_delta': None}
[2026-06-12 11:32:49,480] INFO   : {'epoch': 39.0, 'is_checkpoint': 0, 'steps': 2535, 'samples': 161518, 'trn_loss': 15.8345, 'val_loss': 16.6758, 'total_time': 39.2, 'learn_rate': 0.000705, 'dp_eps': None, 'dp_delta': None}
[2026-06-12 11:32:50,428] INFO   : {'epoch': 40.0, 'is_checkpoint': 0, 'steps': 2600, 'samples': 165659, 'trn_loss': 15.8306, 'val_loss': 16.7476, 'total_time': 40.1, 'learn_rate': 0.000705, 'dp_eps': None, 'dp_delta': None}
[2026-06-12 11:32:51,374] INFO   : {'epoch': 41.0, 'is_checkpoint': 0, 'steps': 2665, 'samples': 169800, 'trn_loss': 15.7401, 'val_loss': 16.7315, 'total_time': 41.1, 'learn_rate': 0.000353, 'dp_eps': None, 'dp_delta': None}
[2026-06-12 11:32:52,325] INFO   : early stopping: val_loss stopped improving
[2026-06-12 11:32:52,325] INFO   : {'epoch': 42.0, 'is_checkpoint': 0, 'steps': 2730, 'samples': 173941, 'trn_loss': 15.7638, 'val_loss': 16.6615, 'total_time': 42.0, 'learn_rate': 0.000353, 'dp_eps': None, 'dp_delta': None}
[2026-06-12 11:32:52,329] INFO   : TRAIN_TABULAR finished in 43.10s
2026-06-12 11:32:53 [INFO] paysim — [fold=0] ✔ DONE  train_m1  (56.7s)
2026-06-12 11:32:53 [INFO] paysim — [fold=0] ▶ START train_m2
[2026-06-12 11:32:53,590] INFO   : SPLIT started
[2026-06-12 11:32:53,590] INFO   : create `/shared/paysim-sarmad/models/fold_0/m2/OriginalData/tgt-data`
[2026-06-12 11:32:53,591] INFO   : create `/shared/paysim-sarmad/models/fold_0/m2/OriginalData/tgt-meta`
[2026-06-12 11:32:53,591] INFO   : model_type='TABULAR'
[2026-06-12 11:32:53,591] INFO   : tgt_encoding_types={'step': 'TABULAR_NUMERIC_AUTO', 'type': 'TABULAR_CATEGORICAL', 'amount': 'TABULAR_NUMERIC_AUTO', 'oldbalanceOrg': 'TABULAR_NUMERIC_AUTO', 'newbalanceOrig': 'TABULAR_NUMERIC_AUTO', 'oldbalanceDest': 'TABULAR_NUMERIC_AUTO', 'newbalanceDest': 'TABULAR_NUMERIC_AUTO', 'isFraud': 'TABULAR_NUMERIC_AUTO', 'isFlaggedFraud': 'TABULAR_NUMERIC_AUTO'}
[2026-06-12 11:32:53,954] INFO   : SPLIT finished in 0.36s
[2026-06-12 11:32:53,958] INFO   : ANALYZE started
[2026-06-12 11:32:53,958] INFO   : create `/shared/paysim-sarmad/models/fold_0/m2/ModelStore/tgt-stats`
[2026-06-12 11:32:53,958] INFO   : analyzing 2 partitions in parallel
[2026-06-12 11:33:00,637] INFO   : analyzed target partition 000000-trn (329550, 9)
[2026-06-12 11:33:02,115] INFO   : analyzed target partition 000000-val (82387, 9)
[2026-06-12 11:33:02,116] INFO   : combine partition statistics
[2026-06-12 11:33:02,123] INFO   : value_protection = True
[2026-06-12 11:33:02,124] INFO   : analyzed column `step`: TABULAR_NUMERIC_DIGIT {'E2': 8, 'E1': 10, 'E0': 10}
[2026-06-12 11:33:02,124] INFO   : analyzed column `type`: TABULAR_CATEGORICAL {'cat': 6}
[2026-06-12 11:33:02,125] INFO   : analyzed column `amount`: TABULAR_NUMERIC_BINNED {'bin': 103}
[2026-06-12 11:33:02,127] INFO   : analyzed column `oldbalanceOrg`: TABULAR_NUMERIC_BINNED {'bin': 103}
[2026-06-12 11:33:02,131] INFO   : analyzed column `newbalanceOrig`: TABULAR_NUMERIC_BINNED {'bin': 103}
[2026-06-12 11:33:02,133] INFO   : analyzed column `oldbalanceDest`: TABULAR_NUMERIC_BINNED {'bin': 103}
[2026-06-12 11:33:02,135] INFO   : analyzed column `newbalanceDest`: TABULAR_NUMERIC_BINNED {'bin': 103}
[2026-06-12 11:33:02,136] INFO   : analyzed column `isFraud`: TABULAR_NUMERIC_DISCRETE {'cat': 3}
[2026-06-12 11:33:02,136] INFO   : analyzed column `isFlaggedFraud`: TABULAR_NUMERIC_DISCRETE {'cat': 3}
[2026-06-12 11:33:02,136] INFO   : analyzed 411,937 records: 329,550 training / 82,387 validation
[2026-06-12 11:33:02,138] INFO   : is_sequential: False
[2026-06-12 11:33:02,138] INFO   : write statistics to `/shared/paysim-sarmad/models/fold_0/m2/ModelStore/tgt-stats/stats.json`
[2026-06-12 11:33:02,140] INFO   : ANALYZE finished in 8.18s
[2026-06-12 11:33:02,141] INFO   : ENCODE_TABULAR started
[2026-06-12 11:33:02,141] INFO   : create `/shared/paysim-sarmad/models/fold_0/m2/OriginalData/encoded-data`
[2026-06-12 11:33:02,141] INFO   : clean `/shared/paysim-sarmad/models/fold_0/m2/OriginalData/encoded-data`
[2026-06-12 11:33:02,141] INFO   : clean `/shared/paysim-sarmad/models/fold_0/m2/OriginalData/encoded-data`
[2026-06-12 11:33:04,617] INFO   : encoded partition part.000000-trn.parquet (329550, 11)
[2026-06-12 11:33:05,269] INFO   : encoded partition part.000000-val.parquet (82387, 11)
[2026-06-12 11:33:05,269] INFO   : ENCODE_TABULAR finished in 3.13s
[2026-06-12 11:33:05,270] INFO   : TRAIN_TABULAR started
[2026-06-12 11:33:05,276] INFO   : numpy=2.4.4, pandas=2.3.3
[2026-06-12 11:33:05,277] INFO   : torch=2.5.1+cu121, opacus=1.4.0
[2026-06-12 11:33:05,277] INFO   : device=device(type='cuda', index=0)
[2026-06-12 11:33:05,277] INFO   : is_sequential=False
[2026-06-12 11:33:05,277] INFO   : max_training_time=864000.0s
[2026-06-12 11:33:05,277] INFO   : max_epochs=100
[2026-06-12 11:33:05,277] INFO   : model_size=<ModelSize.M: 'M'>
[2026-06-12 11:33:05,277] INFO   : enable_flexible_generation=True
[2026-06-12 11:33:05,277] INFO   : with_dp=False
[2026-06-12 11:33:05,277] INFO   : model_state_strategy=<ModelStateStrategy.reset: 'RESET'>
[2026-06-12 11:33:05,278] INFO   : max_sequence_window=np.int64(1)
[2026-06-12 11:33:05,305] INFO   : create training model
[2026-06-12 11:33:05,308] INFO   : initializing predictor bias with empirical log probabilities
[2026-06-12 11:33:05,311] INFO   : model class: FlatModel
[2026-06-12 11:33:05,311] INFO   : model weights not found; change strategy from ModelStateStrategy.reset to RESET
[2026-06-12 11:33:05,311] INFO   : model_state_strategy=<ModelStateStrategy.reset: 'RESET'>
[2026-06-12 11:33:05,311] INFO   : remove existing checkpoint files
[2026-06-12 11:33:05,311] INFO   : start training progress from epoch=0.0, steps=0
[2026-06-12 11:33:05,312] INFO   : no_of_model_params=np.int64(106829)
2026-06-12 11:33:05 [INFO] httpx — HTTP Request: HEAD https://s3.amazonaws.com/datasets.huggingface.co/datasets/datasets/parquet/parquet.py "HTTP/1.1 404 Not Found"
2026-06-12 11:33:05 [INFO] httpx — HTTP Request: HEAD https://s3.amazonaws.com/datasets.huggingface.co/datasets/datasets/parquet/parquet.py "HTTP/1.1 404 Not Found"
[2026-06-12 11:33:05,675] INFO   : trn_cnt=329550, val_cnt=82387
[2026-06-12 11:33:05,675] INFO   : len(tgt_sub_columns)=11, len(ctxflt_sub_columns)=0, len(ctxseq_sub_columns)=0
[2026-06-12 11:33:05,676] INFO   : tgt_cardinalities_deciles=[np.int64(3), np.int64(3), np.int64(6), np.int64(8), np.int64(10), np.int64(10), np.int64(103), np.int64(103), np.int64(103), np.int64(103), np.int64(103)]
[2026-06-12 11:33:05,676] INFO   : trn_batch_size=4096, val_batch_size=4096
[2026-06-12 11:33:05,676] INFO   : trn_steps=80, val_steps=20
[2026-06-12 11:33:05,676] INFO   : batch_size=4096, gradient_accumulation_steps=1, initial_lr=np.float64(0.01131)
[2026-06-12 11:33:05,879] INFO   : {'epoch': 0.01, 'is_checkpoint': 0, 'steps': 1, 'samples': 4096, 'trn_loss': 25.9193, 'val_loss': None, 'total_time': 0.2, 'learn_rate': 0.01131, 'dp_eps': None, 'dp_delta': None}
[2026-06-12 11:33:19,899] INFO   : {'epoch': 1.0, 'is_checkpoint': 1, 'steps': 80, 'samples': 327680, 'trn_loss': 22.9068, 'val_loss': 21.3376, 'total_time': 14.2, 'learn_rate': 0.01131, 'dp_eps': None, 'dp_delta': None}
[2026-06-12 11:33:21,582] INFO   : analyzed target partition 000000-trn (3257661, 9)
[2026-06-12 11:33:34,349] INFO   : {'epoch': 2.0, 'is_checkpoint': 1, 'steps': 160, 'samples': 653134, 'trn_loss': 21.2629, 'val_loss': 20.5413, 'total_time': 28.7, 'learn_rate': 0.01131, 'dp_eps': None, 'dp_delta': None}
[2026-06-12 11:33:43,715] INFO   : analyzed target partition 000000-val (814415, 9)
[2026-06-12 11:33:43,716] INFO   : combine partition statistics
[2026-06-12 11:33:43,723] INFO   : value_protection = True
[2026-06-12 11:33:43,724] INFO   : analyzed column `step`: TABULAR_NUMERIC_DIGIT {'E2': 8, 'E1': 10, 'E0': 10}
[2026-06-12 11:33:43,724] INFO   : analyzed column `type`: TABULAR_CATEGORICAL {'cat': 6}
[2026-06-12 11:33:43,725] INFO   : analyzed column `amount`: TABULAR_NUMERIC_BINNED {'bin': 103}
[2026-06-12 11:33:43,727] INFO   : analyzed column `oldbalanceOrg`: TABULAR_NUMERIC_BINNED {'bin': 103}
[2026-06-12 11:33:43,730] INFO   : analyzed column `newbalanceOrig`: TABULAR_NUMERIC_BINNED {'bin': 103}
[2026-06-12 11:33:43,733] INFO   : analyzed column `oldbalanceDest`: TABULAR_NUMERIC_BINNED {'bin': 103}
[2026-06-12 11:33:43,735] INFO   : analyzed column `newbalanceDest`: TABULAR_NUMERIC_BINNED {'bin': 103}
[2026-06-12 11:33:43,735] INFO   : analyzed column `isFraud`: TABULAR_NUMERIC_DISCRETE {'cat': 3}
[2026-06-12 11:33:43,735] INFO   : analyzed column `isFlaggedFraud`: TABULAR_NUMERIC_DISCRETE {'cat': 3}
[2026-06-12 11:33:43,735] INFO   : analyzed 4,072,076 records: 3,257,661 training / 814,415 validation
[2026-06-12 11:33:43,772] INFO   : is_sequential: False
[2026-06-12 11:33:43,772] INFO   : write statistics to `/shared/paysim-sarmad/models/fold_0/m3/ModelStore/tgt-stats/stats.json`
[2026-06-12 11:33:43,774] INFO   : ANALYZE finished in 95.88s
[2026-06-12 11:33:43,775] INFO   : ENCODE_TABULAR started
[2026-06-12 11:33:43,775] INFO   : create `/shared/paysim-sarmad/models/fold_0/m3/OriginalData/encoded-data`
[2026-06-12 11:33:43,775] INFO   : clean `/shared/paysim-sarmad/models/fold_0/m3/OriginalData/encoded-data`
[2026-06-12 11:33:43,775] INFO   : clean `/shared/paysim-sarmad/models/fold_0/m3/OriginalData/encoded-data`
[2026-06-12 11:33:48,518] INFO   : {'epoch': 3.0, 'is_checkpoint': 1, 'steps': 240, 'samples': 978588, 'trn_loss': 20.7728, 'val_loss': 20.2624, 'total_time': 42.8, 'learn_rate': 0.01131, 'dp_eps': None, 'dp_delta': None}
[2026-06-12 11:34:01,554] INFO   : {'epoch': 4.0, 'is_checkpoint': 1, 'steps': 320, 'samples': 1304042, 'trn_loss': 20.5325, 'val_loss': 20.0572, 'total_time': 55.9, 'learn_rate': 0.01131, 'dp_eps': None, 'dp_delta': None}
[2026-06-12 11:34:06,285] INFO   : encoded partition part.000000-trn.parquet (3257661, 11)
[2026-06-12 11:34:12,049] INFO   : encoded partition part.000000-val.parquet (814415, 11)
[2026-06-12 11:34:12,049] INFO   : ENCODE_TABULAR finished in 28.27s
[2026-06-12 11:34:12,050] INFO   : TRAIN_TABULAR started
[2026-06-12 11:34:12,055] INFO   : numpy=2.4.4, pandas=2.3.3
[2026-06-12 11:34:12,056] INFO   : torch=2.5.1+cu121, opacus=1.4.0
[2026-06-12 11:34:12,057] INFO   : device=device(type='cuda', index=1)
[2026-06-12 11:34:12,057] INFO   : is_sequential=False
[2026-06-12 11:34:12,057] INFO   : max_training_time=864000.0s
[2026-06-12 11:34:12,057] INFO   : max_epochs=100
[2026-06-12 11:34:12,057] INFO   : model_size=<ModelSize.M: 'M'>
[2026-06-12 11:34:12,057] INFO   : enable_flexible_generation=True
[2026-06-12 11:34:12,057] INFO   : with_dp=False
[2026-06-12 11:34:12,057] INFO   : model_state_strategy=<ModelStateStrategy.reset: 'RESET'>
[2026-06-12 11:34:12,057] INFO   : max_sequence_window=np.int64(1)
[2026-06-12 11:34:12,249] INFO   : create training model
[2026-06-12 11:34:12,602] INFO   : initializing predictor bias with empirical log probabilities
[2026-06-12 11:34:12,606] INFO   : model class: FlatModel
[2026-06-12 11:34:12,606] INFO   : model weights not found; change strategy from ModelStateStrategy.reset to RESET
[2026-06-12 11:34:12,606] INFO   : model_state_strategy=<ModelStateStrategy.reset: 'RESET'>
[2026-06-12 11:34:12,606] INFO   : remove existing checkpoint files
[2026-06-12 11:34:12,606] INFO   : start training progress from epoch=0.0, steps=0
[2026-06-12 11:34:12,607] INFO   : no_of_model_params=np.int64(106829)
2026-06-12 11:34:12 [INFO] httpx — HTTP Request: HEAD https://s3.amazonaws.com/datasets.huggingface.co/datasets/datasets/parquet/parquet.py "HTTP/1.1 404 Not Found"
2026-06-12 11:34:13 [INFO] httpx — HTTP Request: HEAD https://s3.amazonaws.com/datasets.huggingface.co/datasets/datasets/parquet/parquet.py "HTTP/1.1 404 Not Found"
[2026-06-12 11:34:13,257] INFO   : trn_cnt=3257661, val_cnt=814415
[2026-06-12 11:34:13,257] INFO   : len(tgt_sub_columns)=11, len(ctxflt_sub_columns)=0, len(ctxseq_sub_columns)=0
[2026-06-12 11:34:13,257] INFO   : tgt_cardinalities_deciles=[np.int64(3), np.int64(3), np.int64(6), np.int64(8), np.int64(10), np.int64(10), np.int64(103), np.int64(103), np.int64(103), np.int64(103), np.int64(103)]
[2026-06-12 11:34:13,257] INFO   : trn_batch_size=4096, val_batch_size=4096
[2026-06-12 11:34:13,257] INFO   : trn_steps=795, val_steps=198
[2026-06-12 11:34:13,257] INFO   : batch_size=4096, gradient_accumulation_steps=1, initial_lr=np.float64(0.01131)
[2026-06-12 11:34:14,346] INFO   : {'epoch': 0.0, 'is_checkpoint': 0, 'steps': 1, 'samples': 4096, 'trn_loss': 26.0378, 'val_loss': None, 'total_time': 1.1, 'learn_rate': 0.01131, 'dp_eps': None, 'dp_delta': None}
[2026-06-12 11:34:14,647] INFO   : {'epoch': 5.0, 'is_checkpoint': 1, 'steps': 400, 'samples': 1629496, 'trn_loss': 20.3868, 'val_loss': 19.9043, 'total_time': 69.0, 'learn_rate': 0.01131, 'dp_eps': None, 'dp_delta': None}
[2026-06-12 11:34:28,213] INFO   : {'epoch': 6.0, 'is_checkpoint': 1, 'steps': 480, 'samples': 1954950, 'trn_loss': 20.2595, 'val_loss': 19.8068, 'total_time': 82.5, 'learn_rate': 0.01131, 'dp_eps': None, 'dp_delta': None}
[2026-06-12 11:34:41,437] INFO   : {'epoch': 7.0, 'is_checkpoint': 0, 'steps': 560, 'samples': 2280404, 'trn_loss': 20.1722, 'val_loss': 19.8076, 'total_time': 95.8, 'learn_rate': 0.01131, 'dp_eps': None, 'dp_delta': None}
[2026-06-12 11:34:54,654] INFO   : {'epoch': 8.0, 'is_checkpoint': 1, 'steps': 640, 'samples': 2605858, 'trn_loss': 20.0545, 'val_loss': 19.6868, 'total_time': 109.0, 'learn_rate': 0.01131, 'dp_eps': None, 'dp_delta': None}
[2026-06-12 11:35:08,118] INFO   : {'epoch': 9.0, 'is_checkpoint': 1, 'steps': 720, 'samples': 2931312, 'trn_loss': 20.0414, 'val_loss': 19.6226, 'total_time': 122.4, 'learn_rate': 0.01131, 'dp_eps': None, 'dp_delta': None}
[2026-06-12 11:35:21,620] INFO   : {'epoch': 10.0, 'is_checkpoint': 1, 'steps': 800, 'samples': 3256766, 'trn_loss': 20.0113, 'val_loss': 19.5643, 'total_time': 135.9, 'learn_rate': 0.01131, 'dp_eps': None, 'dp_delta': None}
[2026-06-12 11:35:34,805] INFO   : {'epoch': 11.0, 'is_checkpoint': 1, 'steps': 880, 'samples': 3582220, 'trn_loss': 19.9812, 'val_loss': 19.5543, 'total_time': 149.1, 'learn_rate': 0.01131, 'dp_eps': None, 'dp_delta': None}
[2026-06-12 11:35:48,250] INFO   : {'epoch': 12.0, 'is_checkpoint': 1, 'steps': 960, 'samples': 3907674, 'trn_loss': 19.9621, 'val_loss': 19.4804, 'total_time': 162.6, 'learn_rate': 0.01131, 'dp_eps': None, 'dp_delta': None}
[2026-06-12 11:36:01,676] INFO   : {'epoch': 13.0, 'is_checkpoint': 0, 'steps': 1040, 'samples': 4233128, 'trn_loss': 19.8991, 'val_loss': 19.4902, 'total_time': 176.0, 'learn_rate': 0.01131, 'dp_eps': None, 'dp_delta': None}
[2026-06-12 11:36:14,875] INFO   : {'epoch': 14.0, 'is_checkpoint': 0, 'steps': 1120, 'samples': 4558582, 'trn_loss': 19.883, 'val_loss': 19.5154, 'total_time': 189.2, 'learn_rate': 0.01131, 'dp_eps': None, 'dp_delta': None}
[2026-06-12 11:36:28,300] INFO   : {'epoch': 15.0, 'is_checkpoint': 0, 'steps': 1200, 'samples': 4884036, 'trn_loss': 19.8706, 'val_loss': 19.5665, 'total_time': 202.6, 'learn_rate': 0.01131, 'dp_eps': None, 'dp_delta': None}
[2026-06-12 11:36:41,462] INFO   : {'epoch': 16.0, 'is_checkpoint': 1, 'steps': 1280, 'samples': 5209490, 'trn_loss': 19.7798, 'val_loss': 19.404, 'total_time': 215.8, 'learn_rate': 0.005655, 'dp_eps': None, 'dp_delta': None}
[2026-06-12 11:36:43,442] INFO   : {'epoch': 1.0, 'is_checkpoint': 1, 'steps': 795, 'samples': 3256320, 'trn_loss': 20.6049, 'val_loss': 19.5805, 'total_time': 150.2, 'learn_rate': 0.01131, 'dp_eps': None, 'dp_delta': None}
[2026-06-12 11:36:54,636] INFO   : {'epoch': 17.0, 'is_checkpoint': 0, 'steps': 1360, 'samples': 5534944, 'trn_loss': 19.7505, 'val_loss': 19.416, 'total_time': 229.0, 'learn_rate': 0.005655, 'dp_eps': None, 'dp_delta': None}
[2026-06-12 11:37:08,144] INFO   : {'epoch': 18.0, 'is_checkpoint': 1, 'steps': 1440, 'samples': 5860398, 'trn_loss': 19.7252, 'val_loss': 19.285, 'total_time': 242.5, 'learn_rate': 0.005655, 'dp_eps': None, 'dp_delta': None}
[2026-06-12 11:37:21,369] INFO   : {'epoch': 19.0, 'is_checkpoint': 0, 'steps': 1520, 'samples': 6185852, 'trn_loss': 19.7068, 'val_loss': 19.2976, 'total_time': 255.7, 'learn_rate': 0.005655, 'dp_eps': None, 'dp_delta': None}
[2026-06-12 11:37:34,872] INFO   : {'epoch': 20.0, 'is_checkpoint': 0, 'steps': 1600, 'samples': 6511306, 'trn_loss': 19.7149, 'val_loss': 19.3391, 'total_time': 269.2, 'learn_rate': 0.005655, 'dp_eps': None, 'dp_delta': None}
[2026-06-12 11:37:48,115] INFO   : {'epoch': 21.0, 'is_checkpoint': 0, 'steps': 1680, 'samples': 6836760, 'trn_loss': 19.7173, 'val_loss': 19.3489, 'total_time': 282.4, 'learn_rate': 0.005655, 'dp_eps': None, 'dp_delta': None}
[2026-06-12 11:38:01,352] INFO   : {'epoch': 22.0, 'is_checkpoint': 1, 'steps': 1760, 'samples': 7162214, 'trn_loss': 19.6944, 'val_loss': 19.2613, 'total_time': 295.7, 'learn_rate': 0.002828, 'dp_eps': None, 'dp_delta': None}
[2026-06-12 11:38:15,072] INFO   : {'epoch': 23.0, 'is_checkpoint': 0, 'steps': 1840, 'samples': 7487668, 'trn_loss': 19.633, 'val_loss': 19.3034, 'total_time': 309.4, 'learn_rate': 0.002828, 'dp_eps': None, 'dp_delta': None}
[2026-06-12 11:38:28,714] INFO   : {'epoch': 24.0, 'is_checkpoint': 1, 'steps': 1920, 'samples': 7813122, 'trn_loss': 19.6392, 'val_loss': 19.2233, 'total_time': 323.0, 'learn_rate': 0.002828, 'dp_eps': None, 'dp_delta': None}
[2026-06-12 11:38:42,258] INFO   : {'epoch': 25.0, 'is_checkpoint': 0, 'steps': 2000, 'samples': 8138576, 'trn_loss': 19.6215, 'val_loss': 19.2449, 'total_time': 336.6, 'learn_rate': 0.002828, 'dp_eps': None, 'dp_delta': None}
[2026-06-12 11:38:55,729] INFO   : {'epoch': 26.0, 'is_checkpoint': 0, 'steps': 2080, 'samples': 8464030, 'trn_loss': 19.6478, 'val_loss': 19.2243, 'total_time': 350.1, 'learn_rate': 0.002828, 'dp_eps': None, 'dp_delta': None}
[2026-06-12 11:39:09,035] INFO   : {'epoch': 27.0, 'is_checkpoint': 1, 'steps': 2160, 'samples': 8789484, 'trn_loss': 19.618, 'val_loss': 19.1942, 'total_time': 363.4, 'learn_rate': 0.002828, 'dp_eps': None, 'dp_delta': None}
[2026-06-12 11:39:15,626] INFO   : {'epoch': 2.0, 'is_checkpoint': 1, 'steps': 1590, 'samples': 6509885, 'trn_loss': 19.8347, 'val_loss': 19.367, 'total_time': 302.4, 'learn_rate': 0.01131, 'dp_eps': None, 'dp_delta': None}
[2026-06-12 11:39:22,544] INFO   : {'epoch': 28.0, 'is_checkpoint': 0, 'steps': 2240, 'samples': 9114938, 'trn_loss': 19.6131, 'val_loss': 19.2552, 'total_time': 376.9, 'learn_rate': 0.002828, 'dp_eps': None, 'dp_delta': None}
[2026-06-12 11:39:36,042] INFO   : {'epoch': 29.0, 'is_checkpoint': 0, 'steps': 2320, 'samples': 9440392, 'trn_loss': 19.6219, 'val_loss': 19.21, 'total_time': 390.4, 'learn_rate': 0.002828, 'dp_eps': None, 'dp_delta': None}
[2026-06-12 11:39:49,263] INFO   : {'epoch': 30.0, 'is_checkpoint': 0, 'steps': 2400, 'samples': 9765846, 'trn_loss': 19.6489, 'val_loss': 19.276, 'total_time': 403.6, 'learn_rate': 0.002828, 'dp_eps': None, 'dp_delta': None}
[2026-06-12 11:40:02,772] INFO   : {'epoch': 31.0, 'is_checkpoint': 1, 'steps': 2480, 'samples': 10091300, 'trn_loss': 19.5668, 'val_loss': 19.1366, 'total_time': 417.1, 'learn_rate': 0.001414, 'dp_eps': None, 'dp_delta': None}
[2026-06-12 11:40:16,028] INFO   : {'epoch': 32.0, 'is_checkpoint': 0, 'steps': 2560, 'samples': 10416754, 'trn_loss': 19.5888, 'val_loss': 19.2232, 'total_time': 430.4, 'learn_rate': 0.001414, 'dp_eps': None, 'dp_delta': None}
[2026-06-12 11:40:29,535] INFO   : {'epoch': 33.0, 'is_checkpoint': 0, 'steps': 2640, 'samples': 10742208, 'trn_loss': 19.5613, 'val_loss': 19.237, 'total_time': 443.9, 'learn_rate': 0.001414, 'dp_eps': None, 'dp_delta': None}
[2026-06-12 11:40:42,767] INFO   : {'epoch': 34.0, 'is_checkpoint': 0, 'steps': 2720, 'samples': 11067662, 'trn_loss': 19.5799, 'val_loss': 19.2391, 'total_time': 457.1, 'learn_rate': 0.001414, 'dp_eps': None, 'dp_delta': None}
[2026-06-12 11:40:55,971] INFO   : {'epoch': 35.0, 'is_checkpoint': 0, 'steps': 2800, 'samples': 11393116, 'trn_loss': 19.5628, 'val_loss': 19.213, 'total_time': 470.3, 'learn_rate': 0.001131, 'dp_eps': None, 'dp_delta': None}
[2026-06-12 11:41:09,393] INFO   : early stopping: val_loss stopped improving
[2026-06-12 11:41:09,394] INFO   : {'epoch': 36.0, 'is_checkpoint': 0, 'steps': 2880, 'samples': 11718570, 'trn_loss': 19.5704, 'val_loss': 19.2294, 'total_time': 483.7, 'learn_rate': 0.001131, 'dp_eps': None, 'dp_delta': None}
[2026-06-12 11:41:09,483] INFO   : TRAIN_TABULAR finished in 484.21s
2026-06-12 11:41:10 [INFO] paysim — [fold=0] ✔ DONE  train_m2  (497.0s)
2026-06-12 11:41:10 [INFO] paysim — [fold=0] Waiting for M3 subprocess (pid=53212) …
[2026-06-12 11:41:42,635] INFO   : {'epoch': 3.0, 'is_checkpoint': 1, 'steps': 2385, 'samples': 9763450, 'trn_loss': 19.7014, 'val_loss': 19.2786, 'total_time': 449.4, 'learn_rate': 0.01131, 'dp_eps': None, 'dp_delta': None}
[2026-06-12 11:43:56,552] INFO   : {'epoch': 4.0, 'is_checkpoint': 1, 'steps': 3180, 'samples': 13017015, 'trn_loss': 19.6348, 'val_loss': 19.1892, 'total_time': 583.3, 'learn_rate': 0.01131, 'dp_eps': None, 'dp_delta': None}
[2026-06-12 11:46:12,508] INFO   : {'epoch': 5.0, 'is_checkpoint': 1, 'steps': 3975, 'samples': 16270580, 'trn_loss': 19.5719, 'val_loss': 19.174, 'total_time': 719.2, 'learn_rate': 0.01131, 'dp_eps': None, 'dp_delta': None}
[2026-06-12 11:48:26,796] INFO   : {'epoch': 6.0, 'is_checkpoint': 1, 'steps': 4770, 'samples': 19524145, 'trn_loss': 19.5301, 'val_loss': 19.1185, 'total_time': 853.5, 'learn_rate': 0.01131, 'dp_eps': None, 'dp_delta': None}
[2026-06-12 11:50:41,706] INFO   : {'epoch': 7.0, 'is_checkpoint': 1, 'steps': 5565, 'samples': 22777710, 'trn_loss': 19.5003, 'val_loss': 19.0796, 'total_time': 988.4, 'learn_rate': 0.01131, 'dp_eps': None, 'dp_delta': None}
[2026-06-12 11:52:56,827] INFO   : {'epoch': 8.0, 'is_checkpoint': 0, 'steps': 6360, 'samples': 26031275, 'trn_loss': 19.4783, 'val_loss': 19.0856, 'total_time': 1123.6, 'learn_rate': 0.01131, 'dp_eps': None, 'dp_delta': None}
[2026-06-12 11:55:11,547] INFO   : {'epoch': 9.0, 'is_checkpoint': 1, 'steps': 7155, 'samples': 29284840, 'trn_loss': 19.4754, 'val_loss': 19.0688, 'total_time': 1258.3, 'learn_rate': 0.01131, 'dp_eps': None, 'dp_delta': None}
[2026-06-12 11:57:26,736] INFO   : {'epoch': 10.0, 'is_checkpoint': 1, 'steps': 7950, 'samples': 32538405, 'trn_loss': 19.4526, 'val_loss': 19.067, 'total_time': 1393.5, 'learn_rate': 0.01131, 'dp_eps': None, 'dp_delta': None}
[2026-06-12 11:59:42,848] INFO   : {'epoch': 11.0, 'is_checkpoint': 1, 'steps': 8745, 'samples': 35791970, 'trn_loss': 19.4423, 'val_loss': 19.0614, 'total_time': 1529.6, 'learn_rate': 0.01131, 'dp_eps': None, 'dp_delta': None}
[2026-06-12 12:01:56,801] INFO   : {'epoch': 12.0, 'is_checkpoint': 1, 'steps': 9540, 'samples': 39045535, 'trn_loss': 19.4359, 'val_loss': 19.0302, 'total_time': 1663.5, 'learn_rate': 0.01131, 'dp_eps': None, 'dp_delta': None}
[2026-06-12 12:04:12,375] INFO   : {'epoch': 13.0, 'is_checkpoint': 1, 'steps': 10335, 'samples': 42299100, 'trn_loss': 19.4236, 'val_loss': 19.0245, 'total_time': 1799.1, 'learn_rate': 0.01131, 'dp_eps': None, 'dp_delta': None}
[2026-06-12 12:06:27,387] INFO   : {'epoch': 14.0, 'is_checkpoint': 1, 'steps': 11130, 'samples': 45552665, 'trn_loss': 19.4076, 'val_loss': 19.0088, 'total_time': 1934.1, 'learn_rate': 0.01131, 'dp_eps': None, 'dp_delta': None}
[2026-06-12 12:08:42,253] INFO   : {'epoch': 15.0, 'is_checkpoint': 1, 'steps': 11925, 'samples': 48806230, 'trn_loss': 19.4068, 'val_loss': 18.9977, 'total_time': 2069.0, 'learn_rate': 0.01131, 'dp_eps': None, 'dp_delta': None}
[2026-06-12 12:10:55,655] INFO   : {'epoch': 16.0, 'is_checkpoint': 0, 'steps': 12720, 'samples': 52059795, 'trn_loss': 19.412, 'val_loss': 19.0071, 'total_time': 2202.4, 'learn_rate': 0.01131, 'dp_eps': None, 'dp_delta': None}
[2026-06-12 12:13:08,021] INFO   : {'epoch': 17.0, 'is_checkpoint': 0, 'steps': 13515, 'samples': 55313360, 'trn_loss': 19.3994, 'val_loss': 19.0041, 'total_time': 2334.8, 'learn_rate': 0.01131, 'dp_eps': None, 'dp_delta': None}
[2026-06-12 12:15:22,714] INFO   : {'epoch': 18.0, 'is_checkpoint': 0, 'steps': 14310, 'samples': 58566925, 'trn_loss': 19.3868, 'val_loss': 19.0074, 'total_time': 2469.5, 'learn_rate': 0.01131, 'dp_eps': None, 'dp_delta': None}
[2026-06-12 12:17:36,214] INFO   : {'epoch': 19.0, 'is_checkpoint': 1, 'steps': 15105, 'samples': 61820490, 'trn_loss': 19.3001, 'val_loss': 18.8997, 'total_time': 2603.0, 'learn_rate': 0.005655, 'dp_eps': None, 'dp_delta': None}
[2026-06-12 12:19:50,008] INFO   : {'epoch': 20.0, 'is_checkpoint': 0, 'steps': 15900, 'samples': 65074055, 'trn_loss': 19.2973, 'val_loss': 18.9052, 'total_time': 2736.7, 'learn_rate': 0.005655, 'dp_eps': None, 'dp_delta': None}
[2026-06-12 12:22:04,152] INFO   : {'epoch': 21.0, 'is_checkpoint': 0, 'steps': 16695, 'samples': 68327620, 'trn_loss': 19.2834, 'val_loss': 18.9168, 'total_time': 2870.9, 'learn_rate': 0.005655, 'dp_eps': None, 'dp_delta': None}
[2026-06-12 12:24:18,296] INFO   : {'epoch': 22.0, 'is_checkpoint': 1, 'steps': 17490, 'samples': 71581185, 'trn_loss': 19.281, 'val_loss': 18.8913, 'total_time': 3005.0, 'learn_rate': 0.005655, 'dp_eps': None, 'dp_delta': None}
[2026-06-12 12:26:33,304] INFO   : {'epoch': 23.0, 'is_checkpoint': 0, 'steps': 18285, 'samples': 74834750, 'trn_loss': 19.279, 'val_loss': 18.9097, 'total_time': 3140.0, 'learn_rate': 0.005655, 'dp_eps': None, 'dp_delta': None}
[2026-06-12 12:28:48,749] INFO   : {'epoch': 24.0, 'is_checkpoint': 0, 'steps': 19080, 'samples': 78088315, 'trn_loss': 19.2854, 'val_loss': 18.8964, 'total_time': 3275.5, 'learn_rate': 0.005655, 'dp_eps': None, 'dp_delta': None}
[2026-06-12 12:31:04,724] INFO   : {'epoch': 25.0, 'is_checkpoint': 1, 'steps': 19875, 'samples': 81341880, 'trn_loss': 19.2782, 'val_loss': 18.8853, 'total_time': 3411.5, 'learn_rate': 0.005655, 'dp_eps': None, 'dp_delta': None}
[2026-06-12 12:33:18,344] INFO   : {'epoch': 26.0, 'is_checkpoint': 0, 'steps': 20670, 'samples': 84595445, 'trn_loss': 19.2836, 'val_loss': 18.9102, 'total_time': 3545.1, 'learn_rate': 0.005655, 'dp_eps': None, 'dp_delta': None}
[2026-06-12 12:35:33,452] INFO   : {'epoch': 27.0, 'is_checkpoint': 0, 'steps': 21465, 'samples': 87849010, 'trn_loss': 19.2768, 'val_loss': 18.8983, 'total_time': 3680.2, 'learn_rate': 0.005655, 'dp_eps': None, 'dp_delta': None}
[2026-06-12 12:37:48,594] INFO   : {'epoch': 28.0, 'is_checkpoint': 1, 'steps': 22260, 'samples': 91102575, 'trn_loss': 19.2686, 'val_loss': 18.8823, 'total_time': 3815.3, 'learn_rate': 0.005655, 'dp_eps': None, 'dp_delta': None}
[2026-06-12 12:40:03,089] INFO   : {'epoch': 29.0, 'is_checkpoint': 0, 'steps': 23055, 'samples': 94356140, 'trn_loss': 19.2676, 'val_loss': 18.9072, 'total_time': 3949.8, 'learn_rate': 0.005655, 'dp_eps': None, 'dp_delta': None}
[2026-06-12 12:42:17,711] INFO   : {'epoch': 30.0, 'is_checkpoint': 0, 'steps': 23850, 'samples': 97609705, 'trn_loss': 19.2714, 'val_loss': 18.9031, 'total_time': 4084.5, 'learn_rate': 0.005655, 'dp_eps': None, 'dp_delta': None}
[2026-06-12 12:44:38,777] INFO   : {'epoch': 31.0, 'is_checkpoint': 0, 'steps': 24645, 'samples': 100863270, 'trn_loss': 19.2746, 'val_loss': 18.8902, 'total_time': 4225.5, 'learn_rate': 0.005655, 'dp_eps': None, 'dp_delta': None}
[2026-06-12 12:46:56,660] INFO   : {'epoch': 32.0, 'is_checkpoint': 1, 'steps': 25440, 'samples': 104116835, 'trn_loss': 19.2116, 'val_loss': 18.8623, 'total_time': 4363.4, 'learn_rate': 0.002828, 'dp_eps': None, 'dp_delta': None}
[2026-06-12 12:49:10,554] INFO   : {'epoch': 33.0, 'is_checkpoint': 1, 'steps': 26235, 'samples': 107370400, 'trn_loss': 19.2088, 'val_loss': 18.8533, 'total_time': 4497.3, 'learn_rate': 0.002828, 'dp_eps': None, 'dp_delta': None}
[2026-06-12 12:51:24,321] INFO   : {'epoch': 34.0, 'is_checkpoint': 1, 'steps': 27030, 'samples': 110623965, 'trn_loss': 19.2171, 'val_loss': 18.8487, 'total_time': 4631.1, 'learn_rate': 0.002828, 'dp_eps': None, 'dp_delta': None}
[2026-06-12 12:53:39,233] INFO   : {'epoch': 35.0, 'is_checkpoint': 0, 'steps': 27825, 'samples': 113877530, 'trn_loss': 19.2167, 'val_loss': 18.8667, 'total_time': 4766.0, 'learn_rate': 0.002828, 'dp_eps': None, 'dp_delta': None}
[2026-06-12 12:55:54,179] INFO   : {'epoch': 36.0, 'is_checkpoint': 0, 'steps': 28620, 'samples': 117131095, 'trn_loss': 19.2174, 'val_loss': 18.8638, 'total_time': 4900.9, 'learn_rate': 0.002828, 'dp_eps': None, 'dp_delta': None}
[2026-06-12 12:58:07,597] INFO   : {'epoch': 37.0, 'is_checkpoint': 0, 'steps': 29415, 'samples': 120384660, 'trn_loss': 19.2102, 'val_loss': 18.8604, 'total_time': 5034.3, 'learn_rate': 0.002828, 'dp_eps': None, 'dp_delta': None}
[2026-06-12 13:00:21,393] INFO   : {'epoch': 38.0, 'is_checkpoint': 1, 'steps': 30210, 'samples': 123638225, 'trn_loss': 19.1872, 'val_loss': 18.823, 'total_time': 5168.1, 'learn_rate': 0.001414, 'dp_eps': None, 'dp_delta': None}
[2026-06-12 13:02:34,635] INFO   : {'epoch': 39.0, 'is_checkpoint': 0, 'steps': 31005, 'samples': 126891790, 'trn_loss': 19.1836, 'val_loss': 18.8376, 'total_time': 5301.4, 'learn_rate': 0.001414, 'dp_eps': None, 'dp_delta': None}
[2026-06-12 13:04:49,254] INFO   : {'epoch': 40.0, 'is_checkpoint': 0, 'steps': 31800, 'samples': 130145355, 'trn_loss': 19.1806, 'val_loss': 18.8368, 'total_time': 5436.0, 'learn_rate': 0.001414, 'dp_eps': None, 'dp_delta': None}
[2026-06-12 13:07:02,964] INFO   : {'epoch': 41.0, 'is_checkpoint': 0, 'steps': 32595, 'samples': 133398920, 'trn_loss': 19.1799, 'val_loss': 18.8327, 'total_time': 5569.7, 'learn_rate': 0.001414, 'dp_eps': None, 'dp_delta': None}
[2026-06-12 13:09:16,895] INFO   : {'epoch': 42.0, 'is_checkpoint': 1, 'steps': 33390, 'samples': 136652485, 'trn_loss': 19.1766, 'val_loss': 18.8229, 'total_time': 5703.6, 'learn_rate': 0.001131, 'dp_eps': None, 'dp_delta': None}
[2026-06-12 13:11:30,191] INFO   : {'epoch': 43.0, 'is_checkpoint': 1, 'steps': 34185, 'samples': 139906050, 'trn_loss': 19.1733, 'val_loss': 18.8169, 'total_time': 5836.9, 'learn_rate': 0.001131, 'dp_eps': None, 'dp_delta': None}
[2026-06-12 13:13:45,488] INFO   : {'epoch': 44.0, 'is_checkpoint': 0, 'steps': 34980, 'samples': 143159615, 'trn_loss': 19.1767, 'val_loss': 18.8317, 'total_time': 5972.2, 'learn_rate': 0.001131, 'dp_eps': None, 'dp_delta': None}
[2026-06-12 13:15:59,802] INFO   : {'epoch': 45.0, 'is_checkpoint': 0, 'steps': 35775, 'samples': 146413180, 'trn_loss': 19.1714, 'val_loss': 18.8186, 'total_time': 6106.5, 'learn_rate': 0.001131, 'dp_eps': None, 'dp_delta': None}
[2026-06-12 13:18:14,272] INFO   : {'epoch': 46.0, 'is_checkpoint': 0, 'steps': 36570, 'samples': 149666745, 'trn_loss': 19.1715, 'val_loss': 18.8302, 'total_time': 6241.0, 'learn_rate': 0.001131, 'dp_eps': None, 'dp_delta': None}
[2026-06-12 13:20:26,751] INFO   : {'epoch': 47.0, 'is_checkpoint': 0, 'steps': 37365, 'samples': 152920310, 'trn_loss': 19.1658, 'val_loss': 18.8357, 'total_time': 6373.5, 'learn_rate': 0.001131, 'dp_eps': None, 'dp_delta': None}
[2026-06-12 13:22:40,807] INFO   : early stopping: val_loss stopped improving
[2026-06-12 13:22:40,809] INFO   : {'epoch': 48.0, 'is_checkpoint': 0, 'steps': 38160, 'samples': 156173875, 'trn_loss': 19.1747, 'val_loss': 18.8251, 'total_time': 6507.5, 'learn_rate': 0.001131, 'dp_eps': None, 'dp_delta': None}
[2026-06-12 13:22:41,688] INFO   : TRAIN_TABULAR finished in 6509.64s
2026-06-12 13:22:43 [INFO] paysim — [fold=0] M3 training done
2026-06-12 13:22:43 [INFO] paysim — [fold=0] ✔ DONE  train_all_argns  (6653.0s)
2026-06-12 13:22:43 [INFO] paysim — [fold=0] ▶ START generate_all_pools
2026-06-12 13:22:43 [INFO] paysim — [fold=0] ▶ START generate_m1
2026-06-12 13:22:44 [INFO] paysim — [fold=0] M1 pool saved: 20,000 fraud rows → /shared/paysim-sarmad/synthetic/fold_0/pool_m1.csv
2026-06-12 13:22:44 [INFO] paysim — [fold=0] ✔ DONE  generate_m1  (0.5s)
2026-06-12 13:22:44 [INFO] paysim — [fold=0] ▶ START generate_m2
2026-06-12 13:22:44 [INFO] paysim — [fold=0] M2 pool: 325/20000 fraud rows (round 1)
2026-06-12 13:22:45 [INFO] paysim — [fold=0] M2 pool: 677/20000 fraud rows (round 2)
2026-06-12 13:22:46 [INFO] paysim — [fold=0] M2 pool: 1010/20000 fraud rows (round 3)
2026-06-12 13:22:46 [INFO] paysim — [fold=0] M2 pool: 1340/20000 fraud rows (round 4)
2026-06-12 13:22:47 [INFO] paysim — [fold=0] M2 pool: 1664/20000 fraud rows (round 5)
2026-06-12 13:22:47 [INFO] paysim — [fold=0] M2 pool: 2003/20000 fraud rows (round 6)
2026-06-12 13:22:48 [INFO] paysim — [fold=0] M2 pool: 2304/20000 fraud rows (round 7)
2026-06-12 13:22:49 [INFO] paysim — [fold=0] M2 pool: 2631/20000 fraud rows (round 8)
2026-06-12 13:22:49 [INFO] paysim — [fold=0] M2 pool: 2961/20000 fraud rows (round 9)
2026-06-12 13:22:50 [INFO] paysim — [fold=0] M2 pool: 3272/20000 fraud rows (round 10)
2026-06-12 13:22:50 [INFO] paysim — [fold=0] M2 pool: 3603/20000 fraud rows (round 11)
2026-06-12 13:22:51 [INFO] paysim — [fold=0] M2 pool: 3934/20000 fraud rows (round 12)
2026-06-12 13:22:52 [INFO] paysim — [fold=0] M2 pool: 4262/20000 fraud rows (round 13)
2026-06-12 13:22:52 [INFO] paysim — [fold=0] M2 pool: 4595/20000 fraud rows (round 14)
2026-06-12 13:22:53 [INFO] paysim — [fold=0] M2 pool: 4915/20000 fraud rows (round 15)
2026-06-12 13:22:53 [INFO] paysim — [fold=0] M2 pool: 5247/20000 fraud rows (round 16)
2026-06-12 13:22:54 [INFO] paysim — [fold=0] M2 pool: 5600/20000 fraud rows (round 17)
2026-06-12 13:22:55 [INFO] paysim — [fold=0] M2 pool: 5925/20000 fraud rows (round 18)
2026-06-12 13:22:55 [INFO] paysim — [fold=0] M2 pool: 6242/20000 fraud rows (round 19)
2026-06-12 13:22:56 [INFO] paysim — [fold=0] M2 pool: 6572/20000 fraud rows (round 20)
2026-06-12 13:22:56 [INFO] paysim — [fold=0] M2 pool: 6875/20000 fraud rows (round 21)
2026-06-12 13:22:57 [INFO] paysim — [fold=0] M2 pool: 7189/20000 fraud rows (round 22)
2026-06-12 13:22:58 [INFO] paysim — [fold=0] M2 pool: 7522/20000 fraud rows (round 23)
2026-06-12 13:22:58 [INFO] paysim — [fold=0] M2 pool: 7849/20000 fraud rows (round 24)
2026-06-12 13:22:59 [INFO] paysim — [fold=0] M2 pool: 8176/20000 fraud rows (round 25)
2026-06-12 13:22:59 [INFO] paysim — [fold=0] M2 pool: 8493/20000 fraud rows (round 26)
2026-06-12 13:23:00 [INFO] paysim — [fold=0] M2 pool: 8807/20000 fraud rows (round 27)
2026-06-12 13:23:01 [INFO] paysim — [fold=0] M2 pool: 9151/20000 fraud rows (round 28)
2026-06-12 13:23:01 [INFO] paysim — [fold=0] M2 pool: 9462/20000 fraud rows (round 29)
2026-06-12 13:23:02 [INFO] paysim — [fold=0] M2 pool: 9810/20000 fraud rows (round 30)
2026-06-12 13:23:02 [INFO] paysim — [fold=0] M2 pool: 10167/20000 fraud rows (round 31)
2026-06-12 13:23:03 [INFO] paysim — [fold=0] M2 pool: 10473/20000 fraud rows (round 32)
2026-06-12 13:23:04 [INFO] paysim — [fold=0] M2 pool: 10795/20000 fraud rows (round 33)
2026-06-12 13:23:04 [INFO] paysim — [fold=0] M2 pool: 11130/20000 fraud rows (round 34)
2026-06-12 13:23:05 [INFO] paysim — [fold=0] M2 pool: 11449/20000 fraud rows (round 35)
2026-06-12 13:23:05 [INFO] paysim — [fold=0] M2 pool: 11811/20000 fraud rows (round 36)
2026-06-12 13:23:06 [INFO] paysim — [fold=0] M2 pool: 12109/20000 fraud rows (round 37)
2026-06-12 13:23:07 [INFO] paysim — [fold=0] M2 pool: 12479/20000 fraud rows (round 38)
2026-06-12 13:23:07 [INFO] paysim — [fold=0] M2 pool: 12786/20000 fraud rows (round 39)
2026-06-12 13:23:08 [INFO] paysim — [fold=0] M2 pool: 13117/20000 fraud rows (round 40)
2026-06-12 13:23:08 [INFO] paysim — [fold=0] M2 pool: 13473/20000 fraud rows (round 41)
2026-06-12 13:23:09 [INFO] paysim — [fold=0] M2 pool: 13825/20000 fraud rows (round 42)
2026-06-12 13:23:10 [INFO] paysim — [fold=0] M2 pool: 14162/20000 fraud rows (round 43)
2026-06-12 13:23:10 [INFO] paysim — [fold=0] M2 pool: 14487/20000 fraud rows (round 44)
2026-06-12 13:23:11 [INFO] paysim — [fold=0] M2 pool: 14821/20000 fraud rows (round 45)
2026-06-12 13:23:11 [INFO] paysim — [fold=0] M2 pool: 15109/20000 fraud rows (round 46)
2026-06-12 13:23:12 [INFO] paysim — [fold=0] M2 pool: 15443/20000 fraud rows (round 47)
2026-06-12 13:23:13 [INFO] paysim — [fold=0] M2 pool: 15754/20000 fraud rows (round 48)
2026-06-12 13:23:13 [INFO] paysim — [fold=0] M2 pool: 16072/20000 fraud rows (round 49)
2026-06-12 13:23:14 [INFO] paysim — [fold=0] M2 pool: 16393/20000 fraud rows (round 50)
2026-06-12 13:23:14 [INFO] paysim — [fold=0] M2 pool: 16718/20000 fraud rows (round 51)
2026-06-12 13:23:15 [INFO] paysim — [fold=0] M2 pool: 17030/20000 fraud rows (round 52)
2026-06-12 13:23:16 [INFO] paysim — [fold=0] M2 pool: 17344/20000 fraud rows (round 53)
2026-06-12 13:23:16 [INFO] paysim — [fold=0] M2 pool: 17669/20000 fraud rows (round 54)
2026-06-12 13:23:17 [INFO] paysim — [fold=0] M2 pool: 17987/20000 fraud rows (round 55)
2026-06-12 13:23:17 [INFO] paysim — [fold=0] M2 pool: 18336/20000 fraud rows (round 56)
2026-06-12 13:23:18 [INFO] paysim — [fold=0] M2 pool: 18686/20000 fraud rows (round 57)
2026-06-12 13:23:19 [INFO] paysim — [fold=0] M2 pool: 19035/20000 fraud rows (round 58)
2026-06-12 13:23:19 [INFO] paysim — [fold=0] M2 pool: 19330/20000 fraud rows (round 59)
2026-06-12 13:23:20 [INFO] paysim — [fold=0] M2 pool: 19647/20000 fraud rows (round 60)
2026-06-12 13:23:20 [INFO] paysim — [fold=0] M2 pool: 19977/20000 fraud rows (round 61)
2026-06-12 13:23:21 [INFO] paysim — [fold=0] M2 pool: 20293/20000 fraud rows (round 62)
2026-06-12 13:23:21 [INFO] paysim — [fold=0] M2 pool saved: 20,000 fraud rows → /shared/paysim-sarmad/synthetic/fold_0/pool_m2.csv
2026-06-12 13:23:21 [INFO] paysim — [fold=0] ✔ DONE  generate_m2  (37.3s)
2026-06-12 13:23:21 [INFO] paysim — [fold=0] ▶ START generate_m3
2026-06-12 13:23:23 [INFO] paysim — [fold=0] M3 pool saved: 183 fraud rows → /shared/paysim-sarmad/synthetic/fold_0/pool_m3.csv
2026-06-12 13:23:23 [INFO] paysim — [fold=0] ✔ DONE  generate_m3  (1.8s)
2026-06-12 13:23:23 [INFO] paysim — [fold=0] ✔ DONE  generate_all_pools  (39.7s)
2026-06-12 13:23:23 [INFO] paysim — [fold=0] ▶ START baseline_eval
2026-06-12 13:24:16 [INFO] paysim — [fold=0] ✔ DONE  baseline_eval  (52.7s)
2026-06-12 13:24:16 [INFO] paysim — [fold=0] Baseline results:
2026-06-12 13:24:16 [INFO] paysim —   xgb: test pr_auc=0.8813  roc_auc=0.9840
2026-06-12 13:24:16 [INFO] paysim —   lgbm: test pr_auc=0.0123  roc_auc=0.5293
2026-06-12 13:24:16 [INFO] paysim —   catboost: test pr_auc=0.9596  roc_auc=0.9998
2026-06-12 13:24:16 [INFO] paysim — [fold=0] ▶ START optuna_studies
/shared/miniconda3/envs/paysim-synth/lib/python3.11/site-packages/joblib/externals/loky/backend/resource_tracker.py:359: UserWarning: resource_tracker: There appear to be 6 leaked semlock objects to clean up at shutdown
  warnings.warn(
/shared/miniconda3/envs/paysim-synth/lib/python3.11/site-packages/joblib/externals/loky/backend/resource_tracker.py:359: UserWarning: resource_tracker: There appear to be 8 leaked folder objects to clean up at shutdown
  warnings.warn(
