2026-06-14 18:34:25 [INFO] ============================================================
2026-06-14 18:34:25 [INFO] FOLD 1 — pipeline start
2026-06-14 18:34:25 [INFO] ============================================================
2026-06-14 18:34:25 [INFO] [fold=1] ▶ START load_data
2026-06-14 18:34:30 [INFO] train: 2,134,642 rows | fraud=2,081 (0.097%)
2026-06-14 18:34:30 [INFO] test: 1,051,850 rows | fraud=624 (0.059%)
2026-06-14 18:34:30 [INFO] [fold=1] ✔ DONE  load_data  (5.4s)
2026-06-14 18:34:31 [INFO] train_argn (holdout reserved, unused): 1,707,713 rows | fraud=1,665 (0.097%)
2026-06-14 18:34:31 [INFO] holdout (reserved, unused): 426,929 rows | fraud=416 (0.097%)
2026-06-14 18:34:32 [INFO] M1: 2,081 rows | fraud=2,081 (100.000%)
2026-06-14 18:34:32 [INFO] M2: 215,336 rows | fraud=2,081 (0.966%)
2026-06-14 18:34:32 [INFO] M3: 2,134,642 rows | fraud=2,081 (0.097%)
2026-06-14 18:34:32 [INFO] [fold=1] ▶ START train_all_argns
2026-06-14 18:34:36 [INFO] running on Python (3.11.15)
2026-06-14 18:34:37 [INFO] [fold=1] ▶ START train_m1
2026-06-14 18:35:27 [INFO] [fold=1] ✔ DONE  train_m1  (50.4s)
2026-06-14 18:35:27 [INFO] [fold=1] m1_only=True — skipping M2 and M3 training
2026-06-14 18:35:27 [INFO] [fold=1] ✔ DONE  train_all_argns  (55.3s)
2026-06-14 18:35:27 [INFO] [fold=1] ▶ START generate_all_pools
2026-06-14 18:35:27 [INFO] [fold=1] Generating M1 only on cuda:0
2026-06-14 18:35:27 [INFO] [fold=1] ▶ START generate_m1
2026-06-14 18:35:29 [INFO] [fold=1] M1 pool: 150,000/50,000 fraud rows (round 1)
2026-06-14 18:35:29 [INFO] [fold=1] M1 pool saved: 50,000 fraud rows → /shared/paysim-sarmad/synthetic/fold_1/pool_m1.csv
2026-06-14 18:35:29 [INFO] [fold=1] ✔ DONE  generate_m1  (1.5s)
2026-06-14 18:35:29 [INFO] [fold=1] ✔ DONE  generate_all_pools  (1.5s)
  (1.5s)
2026-06-14 18:35:29 [INFO] [fold=1] ✔ DONE  generate_all_pools  (1.5s)
