2026-06-14 18:34:25 [INFO] ============================================================
2026-06-14 18:34:25 [INFO] FOLD 0 — pipeline start
2026-06-14 18:34:25 [INFO] ============================================================
2026-06-14 18:34:25 [INFO] [fold=0] ▶ START load_data
2026-06-14 18:34:28 [INFO] train: 1,065,448 rows | fraud=1,392 (0.131%)
2026-06-14 18:34:28 [INFO] test: 1,069,194 rows | fraud=689 (0.064%)
2026-06-14 18:34:28 [INFO] [fold=0] ✔ DONE  load_data  (3.5s)
2026-06-14 18:34:29 [INFO] train_argn (holdout reserved, unused): 852,358 rows | fraud=1,114 (0.131%)
2026-06-14 18:34:29 [INFO] holdout (reserved, unused): 213,090 rows | fraud=278 (0.130%)
2026-06-14 18:34:29 [INFO] M1: 1,392 rows | fraud=1,392 (100.000%)
2026-06-14 18:34:29 [INFO] M2: 107,798 rows | fraud=1,392 (1.291%)
2026-06-14 18:34:29 [INFO] M3: 1,065,448 rows | fraud=1,392 (0.131%)
2026-06-14 18:34:29 [INFO] [fold=0] ▶ START train_all_argns
2026-06-14 18:34:33 [INFO] running on Python (3.11.15)
2026-06-14 18:34:34 [INFO] [fold=0] ▶ START train_m1
2026-06-14 18:35:17 [INFO] [fold=0] ✔ DONE  train_m1  (43.1s)
2026-06-14 18:35:17 [INFO] [fold=0] m1_only=True — skipping M2 and M3 training
2026-06-14 18:35:17 [INFO] [fold=0] ✔ DONE  train_all_argns  (47.8s)
2026-06-14 18:35:17 [INFO] [fold=0] ▶ START generate_all_pools
2026-06-14 18:35:17 [INFO] [fold=0] Generating M1 only on cuda:0
2026-06-14 18:35:17 [INFO] [fold=0] ▶ START generate_m1
2026-06-14 18:35:18 [INFO] [fold=0] M1 pool: 150,000/50,000 fraud rows (round 1)
2026-06-14 18:35:18 [INFO] [fold=0] M1 pool saved: 50,000 fraud rows → /shared/paysim-sarmad/synthetic/fold_0/pool_m1.csv
2026-06-14 18:35:18 [INFO] [fold=0] ✔ DONE  generate_m1  (1.6s)
2026-06-14 18:35:19 [INFO] [fold=0] ✔ DONE  generate_all_pools  (1.6s)
  (1.6s)
2026-06-14 18:35:19 [INFO] [fold=0] ✔ DONE  generate_all_pools  (1.6s)
