2026-06-14 18:49:00 [INFO] ============================================================
2026-06-14 18:49:00 [INFO] FOLD 2 — pipeline start
2026-06-14 18:49:00 [INFO] ============================================================
2026-06-14 18:49:00 [INFO] [fold=2] ▶ START load_data
2026-06-14 18:49:07 [INFO] train: 3,186,492 rows | fraud=2,705 (0.085%)
2026-06-14 18:49:07 [INFO] test: 1,076,787 rows | fraud=750 (0.070%)
2026-06-14 18:49:07 [INFO] [fold=2] ✔ DONE  load_data  (7.4s)
2026-06-14 18:49:09 [INFO] train_argn (holdout reserved, unused): 2,549,193 rows | fraud=2,164 (0.085%)
2026-06-14 18:49:09 [INFO] holdout (reserved, unused): 637,299 rows | fraud=541 (0.085%)
2026-06-14 18:49:10 [INFO] M1: 2,705 rows | fraud=2,705 (100.000%)
2026-06-14 18:49:10 [INFO] M2: 321,084 rows | fraud=2,705 (0.842%)
2026-06-14 18:49:10 [INFO] M3: 3,186,492 rows | fraud=2,705 (0.085%)
2026-06-14 18:49:10 [INFO] [fold=2] ▶ START train_all_argns
2026-06-14 18:49:15 [INFO] running on Python (3.11.15)
2026-06-14 18:49:15 [INFO] [fold=2] ▶ START train_m1
2026-06-14 18:50:03 [INFO] [fold=2] ✔ DONE  train_m1  (48.2s)
2026-06-14 18:50:03 [INFO] [fold=2] m1_only=True — skipping M2 and M3 training
2026-06-14 18:50:03 [INFO] [fold=2] ✔ DONE  train_all_argns  (53.1s)
2026-06-14 18:50:03 [INFO] [fold=2] ▶ START generate_all_pools
2026-06-14 18:50:03 [INFO] [fold=2] Generating M1 only on cuda:0
2026-06-14 18:50:03 [INFO] [fold=2] ▶ START generate_m1
2026-06-14 18:50:04 [INFO] [fold=2] M1 pool: 150,000/50,000 fraud rows (round 1)
2026-06-14 18:50:05 [INFO] [fold=2] M1 pool saved: 50,000 fraud rows → /shared/paysim-sarmad/synthetic/fold_2/pool_m1.csv
2026-06-14 18:50:05 [INFO] [fold=2] ✔ DONE  generate_m1  (1.6s)
2026-06-14 18:50:05 [INFO] [fold=2] ✔ DONE  generate_all_pools  (1.6s)
2026-06-14 18:50:05 [INFO] [fold=2] TOTAL elapsed: 65.0s  (0.02h)
2026-06-14 18:50:05 [INFO] [fold=2] stop_after_generation=True — skipping baseline_eval + optuna_studies
2026-06-14 18:50:05 [INFO] [fold=2] Combined fraud pool exported: 50000 rows → /shared/paysim-sarmad/synthetic/for_classifier/split_2.csv
2026-06-14 18:50:05 [INFO] [fold=2] Results saved → /shared/paysim-sarmad/results/fold_2_results.json
NFO] [fold=2] Results saved → /shared/paysim-sarmad/results/fold_2_results.json
