
============================================================
[run_parallel] Starting folds 2+3
============================================================
2026-06-14 18:48:58 [INFO] paysim — [fold=3] process started — physical GPU 1 → cuda:0
2026-06-14 18:48:58 [INFO] paysim — [fold=2] process started — physical GPU 0 → cuda:0
2026-06-14 18:49:00 [INFO] paysim — ============================================================
2026-06-14 18:49:00 [INFO] paysim — FOLD 3 — pipeline start
2026-06-14 18:49:00 [INFO] paysim — ============================================================
2026-06-14 18:49:00 [INFO] paysim — ============================================================
2026-06-14 18:49:00 [INFO] paysim — FOLD 2 — pipeline start
2026-06-14 18:49:00 [INFO] paysim — ============================================================
2026-06-14 18:49:00 [INFO] paysim — [fold=3] ▶ START load_data
2026-06-14 18:49:00 [INFO] paysim — [fold=2] ▶ START load_data
2026-06-14 18:49:07 [INFO] paysim — train: 3,186,492 rows | fraud=2,705 (0.085%)
2026-06-14 18:49:07 [INFO] paysim — test: 1,076,787 rows | fraud=750 (0.070%)
2026-06-14 18:49:07 [INFO] paysim — [fold=2] ✔ DONE  load_data  (7.4s)
2026-06-14 18:49:09 [INFO] paysim — train: 4,263,279 rows | fraud=3,455 (0.081%)
2026-06-14 18:49:09 [INFO] paysim — test: 1,051,462 rows | fraud=710 (0.068%)
2026-06-14 18:49:09 [INFO] paysim — [fold=3] ✔ DONE  load_data  (9.3s)
2026-06-14 18:49:09 [INFO] paysim — train_argn (holdout reserved, unused): 2,549,193 rows | fraud=2,164 (0.085%)
2026-06-14 18:49:09 [INFO] paysim — holdout (reserved, unused): 637,299 rows | fraud=541 (0.085%)
2026-06-14 18:49:10 [INFO] paysim — M1: 2,705 rows | fraud=2,705 (100.000%)
2026-06-14 18:49:10 [INFO] paysim — M2: 321,084 rows | fraud=2,705 (0.842%)
2026-06-14 18:49:10 [INFO] paysim — M3: 3,186,492 rows | fraud=2,705 (0.085%)
2026-06-14 18:49:10 [INFO] paysim — [fold=2] ▶ START train_all_argns
2026-06-14 18:49:12 [INFO] paysim — train_argn (holdout reserved, unused): 3,410,623 rows | fraud=2,764 (0.081%)
2026-06-14 18:49:12 [INFO] paysim — holdout (reserved, unused): 852,656 rows | fraud=691 (0.081%)
2026-06-14 18:49:13 [INFO] paysim — M1: 3,455 rows | fraud=3,455 (100.000%)
2026-06-14 18:49:13 [INFO] paysim — M2: 429,438 rows | fraud=3,455 (0.805%)
2026-06-14 18:49:13 [INFO] paysim — M3: 4,263,279 rows | fraud=3,455 (0.081%)
2026-06-14 18:49:13 [INFO] paysim — [fold=3] ▶ START train_all_argns
2026-06-14 18:49:15 [INFO] mostlyai.engine._common — running on Python (3.11.15)
2026-06-14 18:49:15 [INFO] paysim — [fold=2] ▶ START train_m1
[2026-06-14 18:49:15,424] INFO   : SPLIT started
[2026-06-14 18:49:15,425] INFO   : clean `/shared/paysim-sarmad/models/fold_2/m1/OriginalData/tgt-data`
[2026-06-14 18:49:15,425] INFO   : clean `/shared/paysim-sarmad/models/fold_2/m1/OriginalData/tgt-meta`
[2026-06-14 18:49:15,425] INFO   : model_type='TABULAR'
[2026-06-14 18:49:15,425] INFO   : tgt_encoding_types={'step': 'TABULAR_NUMERIC_AUTO', 'type': 'TABULAR_CATEGORICAL', 'amount': 'TABULAR_NUMERIC_AUTO', 'oldbalanceOrg': 'TABULAR_NUMERIC_AUTO', 'newbalanceOrig': 'TABULAR_NUMERIC_AUTO', 'oldbalanceDest': 'TABULAR_NUMERIC_AUTO', 'newbalanceDest': 'TABULAR_NUMERIC_AUTO', 'isFraud': 'TABULAR_NUMERIC_AUTO'}
[2026-06-14 18:49:15,436] INFO   : SPLIT finished in 0.01s
[2026-06-14 18:49:15,436] INFO   : ANALYZE started
[2026-06-14 18:49:15,436] INFO   : clean `/shared/paysim-sarmad/models/fold_2/m1/ModelStore/tgt-stats`
[2026-06-14 18:49:15,437] INFO   : analyzing 2 partitions in parallel
2026-06-14 18:49:18 [INFO] mostlyai.engine._common — running on Python (3.11.15)
2026-06-14 18:49:18 [INFO] paysim — [fold=3] ▶ START train_m1
[2026-06-14 18:49:18,492] INFO   : SPLIT started
[2026-06-14 18:49:18,492] INFO   : clean `/shared/paysim-sarmad/models/fold_3/m1/OriginalData/tgt-data`
[2026-06-14 18:49:18,492] INFO   : clean `/shared/paysim-sarmad/models/fold_3/m1/OriginalData/tgt-meta`
[2026-06-14 18:49:18,493] INFO   : model_type='TABULAR'
[2026-06-14 18:49:18,493] INFO   : tgt_encoding_types={'step': 'TABULAR_NUMERIC_AUTO', 'type': 'TABULAR_CATEGORICAL', 'amount': 'TABULAR_NUMERIC_AUTO', 'oldbalanceOrg': 'TABULAR_NUMERIC_AUTO', 'newbalanceOrig': 'TABULAR_NUMERIC_AUTO', 'oldbalanceDest': 'TABULAR_NUMERIC_AUTO', 'newbalanceDest': 'TABULAR_NUMERIC_AUTO', 'isFraud': 'TABULAR_NUMERIC_AUTO'}
[2026-06-14 18:49:18,504] INFO   : SPLIT finished in 0.01s
[2026-06-14 18:49:18,504] INFO   : ANALYZE started
[2026-06-14 18:49:18,505] INFO   : clean `/shared/paysim-sarmad/models/fold_3/m1/ModelStore/tgt-stats`
[2026-06-14 18:49:18,505] INFO   : analyzing 2 partitions in parallel
[2026-06-14 18:49:21,718] INFO   : analyzed target partition 000000-trn (2164, 8)
[2026-06-14 18:49:24,789] INFO   : analyzed target partition 000000-trn (2764, 8)
[2026-06-14 18:49:27,774] INFO   : analyzed target partition 000000-val (541, 8)
[2026-06-14 18:49:27,775] INFO   : combine partition statistics
[2026-06-14 18:49:27,786] INFO   : value_protection = True
[2026-06-14 18:49:27,787] INFO   : analyzed column `step`: TABULAR_NUMERIC_DIGIT {'E2': 3, 'E1': 10, 'E0': 10}
[2026-06-14 18:49:27,787] INFO   : analyzed column `type`: TABULAR_CATEGORICAL {'cat': 3}
[2026-06-14 18:49:27,789] INFO   : analyzed column `amount`: TABULAR_NUMERIC_BINNED {'bin': 103}
[2026-06-14 18:49:27,792] INFO   : analyzed column `oldbalanceOrg`: TABULAR_NUMERIC_BINNED {'bin': 103}
[2026-06-14 18:49:27,793] INFO   : analyzed column `newbalanceOrig`: TABULAR_NUMERIC_BINNED {'bin': 15}
[2026-06-14 18:49:27,800] INFO   : analyzed column `oldbalanceDest`: TABULAR_NUMERIC_BINNED {'bin': 103}
[2026-06-14 18:49:27,805] INFO   : analyzed column `newbalanceDest`: TABULAR_NUMERIC_BINNED {'bin': 103}
[2026-06-14 18:49:27,806] INFO   : analyzed column `isFraud`: TABULAR_NUMERIC_DISCRETE {'cat': 2}
[2026-06-14 18:49:27,806] INFO   : analyzed 2,705 records: 2,164 training / 541 validation
[2026-06-14 18:49:27,806] INFO   : is_sequential: False
[2026-06-14 18:49:27,806] INFO   : write statistics to `/shared/paysim-sarmad/models/fold_2/m1/ModelStore/tgt-stats/stats.json`
[2026-06-14 18:49:27,809] INFO   : ANALYZE finished in 12.37s
[2026-06-14 18:49:27,810] INFO   : ENCODE_TABULAR started
[2026-06-14 18:49:27,810] INFO   : clean `/shared/paysim-sarmad/models/fold_2/m1/OriginalData/encoded-data`
[2026-06-14 18:49:27,811] INFO   : clean `/shared/paysim-sarmad/models/fold_2/m1/OriginalData/encoded-data`
[2026-06-14 18:49:27,811] INFO   : clean `/shared/paysim-sarmad/models/fold_2/m1/OriginalData/encoded-data`
[2026-06-14 18:49:27,863] INFO   : encoded partition part.000000-trn.parquet (2164, 10)
[2026-06-14 18:49:27,891] INFO   : encoded partition part.000000-val.parquet (541, 10)
[2026-06-14 18:49:27,891] INFO   : ENCODE_TABULAR finished in 0.08s
[2026-06-14 18:49:27,892] INFO   : TRAIN_TABULAR started
[2026-06-14 18:49:27,899] INFO   : numpy=2.4.4, pandas=2.3.3
[2026-06-14 18:49:27,900] INFO   : torch=2.5.1+cu121, opacus=1.4.0
[2026-06-14 18:49:27,901] INFO   : device=device(type='cuda', index=0)
[2026-06-14 18:49:27,901] INFO   : is_sequential=False
[2026-06-14 18:49:27,901] INFO   : max_training_time=864000.0s
[2026-06-14 18:49:27,901] INFO   : max_epochs=50
[2026-06-14 18:49:27,901] INFO   : model_size=<ModelSize.M: 'M'>
[2026-06-14 18:49:27,901] INFO   : enable_flexible_generation=True
[2026-06-14 18:49:27,901] INFO   : with_dp=False
[2026-06-14 18:49:27,901] INFO   : model_state_strategy=<ModelStateStrategy.reset: 'RESET'>
[2026-06-14 18:49:27,901] INFO   : max_sequence_window=np.int64(1)
[2026-06-14 18:49:27,907] INFO   : create training model
[2026-06-14 18:49:28,380] INFO   : initializing predictor bias with empirical log probabilities
[2026-06-14 18:49:28,383] INFO   : model class: FlatModel
[2026-06-14 18:49:28,383] INFO   : model_state_strategy=<ModelStateStrategy.reset: 'RESET'>
[2026-06-14 18:49:28,383] INFO   : remove existing checkpoint files
[2026-06-14 18:49:28,384] INFO   : start training progress from epoch=0.0, steps=0
[2026-06-14 18:49:28,385] INFO   : no_of_model_params=np.int64(82491)
2026-06-14 18:49:28 [INFO] httpx — HTTP Request: HEAD https://s3.amazonaws.com/datasets.huggingface.co/datasets/datasets/parquet/parquet.py "HTTP/1.1 404 Not Found"
2026-06-14 18:49:28 [INFO] httpx — HTTP Request: HEAD https://s3.amazonaws.com/datasets.huggingface.co/datasets/datasets/parquet/parquet.py "HTTP/1.1 404 Not Found"
[2026-06-14 18:49:28,712] INFO   : trn_cnt=2164, val_cnt=541
[2026-06-14 18:49:28,712] INFO   : len(tgt_sub_columns)=10, len(ctxflt_sub_columns)=0, len(ctxseq_sub_columns)=0
[2026-06-14 18:49:28,713] INFO   : tgt_cardinalities_deciles=[np.int64(2), np.int64(2), np.int64(3), np.int64(3), np.int64(10), np.int64(10), np.int64(15), np.int64(103), np.int64(103), np.int64(103), np.int64(103)]
[2026-06-14 18:49:28,713] INFO   : trn_batch_size=32, val_batch_size=32
[2026-06-14 18:49:28,713] INFO   : trn_steps=67, val_steps=16
[2026-06-14 18:49:28,713] INFO   : batch_size=32, gradient_accumulation_steps=1, initial_lr=np.float64(0.001)
[2026-06-14 18:49:29,448] INFO   : {'epoch': 0.01, 'is_checkpoint': 0, 'steps': 1, 'samples': 32, 'trn_loss': 21.234, 'val_loss': None, 'total_time': 0.7, 'learn_rate': 0.001, 'dp_eps': None, 'dp_delta': None}
[2026-06-14 18:49:30,301] INFO   : {'epoch': 1.0, 'is_checkpoint': 1, 'steps': 67, 'samples': 2144, 'trn_loss': 20.8744, 'val_loss': 20.6389, 'total_time': 1.6, 'learn_rate': 0.001, 'dp_eps': None, 'dp_delta': None}
[2026-06-14 18:49:30,750] INFO   : analyzed target partition 000000-val (691, 8)
[2026-06-14 18:49:30,750] INFO   : combine partition statistics
[2026-06-14 18:49:30,759] INFO   : value_protection = True
[2026-06-14 18:49:30,759] INFO   : analyzed column `step`: TABULAR_NUMERIC_DIGIT {'E2': 4, 'E1': 10, 'E0': 10}
[2026-06-14 18:49:30,759] INFO   : analyzed column `type`: TABULAR_CATEGORICAL {'cat': 3}
[2026-06-14 18:49:30,761] INFO   : analyzed column `amount`: TABULAR_NUMERIC_BINNED {'bin': 103}
[2026-06-14 18:49:30,762] INFO   : analyzed column `oldbalanceOrg`: TABULAR_NUMERIC_BINNED {'bin': 103}
[2026-06-14 18:49:30,763] INFO   : analyzed column `newbalanceOrig`: TABULAR_NUMERIC_BINNED {'bin': 21}
[2026-06-14 18:49:30,768] INFO   : analyzed column `oldbalanceDest`: TABULAR_NUMERIC_BINNED {'bin': 103}
[2026-06-14 18:49:30,772] INFO   : analyzed column `newbalanceDest`: TABULAR_NUMERIC_BINNED {'bin': 103}
[2026-06-14 18:49:30,773] INFO   : analyzed column `isFraud`: TABULAR_NUMERIC_DISCRETE {'cat': 2}
[2026-06-14 18:49:30,773] INFO   : analyzed 3,455 records: 2,764 training / 691 validation
[2026-06-14 18:49:30,773] INFO   : is_sequential: False
[2026-06-14 18:49:30,773] INFO   : write statistics to `/shared/paysim-sarmad/models/fold_3/m1/ModelStore/tgt-stats/stats.json`
[2026-06-14 18:49:30,775] INFO   : ANALYZE finished in 12.27s
[2026-06-14 18:49:30,775] INFO   : ENCODE_TABULAR started
[2026-06-14 18:49:30,775] INFO   : clean `/shared/paysim-sarmad/models/fold_3/m1/OriginalData/encoded-data`
[2026-06-14 18:49:30,776] INFO   : clean `/shared/paysim-sarmad/models/fold_3/m1/OriginalData/encoded-data`
[2026-06-14 18:49:30,776] INFO   : clean `/shared/paysim-sarmad/models/fold_3/m1/OriginalData/encoded-data`
[2026-06-14 18:49:30,815] INFO   : encoded partition part.000000-trn.parquet (2764, 10)
[2026-06-14 18:49:30,845] INFO   : encoded partition part.000000-val.parquet (691, 10)
[2026-06-14 18:49:30,845] INFO   : ENCODE_TABULAR finished in 0.07s
[2026-06-14 18:49:30,845] INFO   : TRAIN_TABULAR started
[2026-06-14 18:49:30,852] INFO   : numpy=2.4.4, pandas=2.3.3
[2026-06-14 18:49:30,854] INFO   : torch=2.5.1+cu121, opacus=1.4.0
[2026-06-14 18:49:30,854] INFO   : device=device(type='cuda', index=0)
[2026-06-14 18:49:30,855] INFO   : is_sequential=False
[2026-06-14 18:49:30,855] INFO   : max_training_time=864000.0s
[2026-06-14 18:49:30,855] INFO   : max_epochs=50
[2026-06-14 18:49:30,855] INFO   : model_size=<ModelSize.M: 'M'>
[2026-06-14 18:49:30,855] INFO   : enable_flexible_generation=True
[2026-06-14 18:49:30,855] INFO   : with_dp=False
[2026-06-14 18:49:30,855] INFO   : model_state_strategy=<ModelStateStrategy.reset: 'RESET'>
[2026-06-14 18:49:30,856] INFO   : max_sequence_window=np.int64(1)
[2026-06-14 18:49:30,861] INFO   : create training model
[2026-06-14 18:49:31,199] INFO   : {'epoch': 2.0, 'is_checkpoint': 1, 'steps': 134, 'samples': 4276, 'trn_loss': 20.2774, 'val_loss': 20.2948, 'total_time': 2.5, 'learn_rate': 0.001, 'dp_eps': None, 'dp_delta': None}
[2026-06-14 18:49:31,327] INFO   : initializing predictor bias with empirical log probabilities
[2026-06-14 18:49:31,330] INFO   : model class: FlatModel
[2026-06-14 18:49:31,330] INFO   : model_state_strategy=<ModelStateStrategy.reset: 'RESET'>
[2026-06-14 18:49:31,330] INFO   : remove existing checkpoint files
[2026-06-14 18:49:31,331] INFO   : start training progress from epoch=0.0, steps=0
[2026-06-14 18:49:31,332] INFO   : no_of_model_params=np.int64(83413)
2026-06-14 18:49:31 [INFO] httpx — HTTP Request: HEAD https://s3.amazonaws.com/datasets.huggingface.co/datasets/datasets/parquet/parquet.py "HTTP/1.1 404 Not Found"
2026-06-14 18:49:31 [INFO] httpx — HTTP Request: HEAD https://s3.amazonaws.com/datasets.huggingface.co/datasets/datasets/parquet/parquet.py "HTTP/1.1 404 Not Found"
[2026-06-14 18:49:31,655] INFO   : trn_cnt=2764, val_cnt=691
[2026-06-14 18:49:31,656] INFO   : len(tgt_sub_columns)=10, len(ctxflt_sub_columns)=0, len(ctxseq_sub_columns)=0
[2026-06-14 18:49:31,656] INFO   : tgt_cardinalities_deciles=[np.int64(2), np.int64(2), np.int64(3), np.int64(4), np.int64(10), np.int64(10), np.int64(21), np.int64(103), np.int64(103), np.int64(103), np.int64(103)]
[2026-06-14 18:49:31,656] INFO   : trn_batch_size=32, val_batch_size=32
[2026-06-14 18:49:31,656] INFO   : trn_steps=86, val_steps=21
[2026-06-14 18:49:31,656] INFO   : batch_size=32, gradient_accumulation_steps=1, initial_lr=np.float64(0.001)
[2026-06-14 18:49:32,056] INFO   : {'epoch': 3.0, 'is_checkpoint': 1, 'steps': 201, 'samples': 6408, 'trn_loss': 19.8752, 'val_loss': 19.8985, 'total_time': 3.3, 'learn_rate': 0.001, 'dp_eps': None, 'dp_delta': None}
[2026-06-14 18:49:32,445] INFO   : {'epoch': 0.01, 'is_checkpoint': 0, 'steps': 1, 'samples': 32, 'trn_loss': 22.7255, 'val_loss': None, 'total_time': 0.8, 'learn_rate': 0.001, 'dp_eps': None, 'dp_delta': None}
[2026-06-14 18:49:32,863] INFO   : {'epoch': 4.0, 'is_checkpoint': 1, 'steps': 268, 'samples': 8540, 'trn_loss': 19.5128, 'val_loss': 19.4551, 'total_time': 4.2, 'learn_rate': 0.001, 'dp_eps': None, 'dp_delta': None}
[2026-06-14 18:49:33,479] INFO   : {'epoch': 1.0, 'is_checkpoint': 1, 'steps': 86, 'samples': 2752, 'trn_loss': 20.9299, 'val_loss': 20.9318, 'total_time': 1.8, 'learn_rate': 0.001, 'dp_eps': None, 'dp_delta': None}
[2026-06-14 18:49:33,669] INFO   : {'epoch': 5.0, 'is_checkpoint': 1, 'steps': 335, 'samples': 10672, 'trn_loss': 18.9727, 'val_loss': 19.0989, 'total_time': 5.0, 'learn_rate': 0.001, 'dp_eps': None, 'dp_delta': None}
[2026-06-14 18:49:34,475] INFO   : {'epoch': 6.0, 'is_checkpoint': 1, 'steps': 402, 'samples': 12804, 'trn_loss': 18.544, 'val_loss': 18.69, 'total_time': 5.8, 'learn_rate': 0.001, 'dp_eps': None, 'dp_delta': None}
[2026-06-14 18:49:34,528] INFO   : {'epoch': 2.0, 'is_checkpoint': 1, 'steps': 172, 'samples': 5484, 'trn_loss': 20.337, 'val_loss': 20.5527, 'total_time': 2.9, 'learn_rate': 0.001, 'dp_eps': None, 'dp_delta': None}
[2026-06-14 18:49:35,277] INFO   : {'epoch': 7.0, 'is_checkpoint': 1, 'steps': 469, 'samples': 14936, 'trn_loss': 18.097, 'val_loss': 18.2586, 'total_time': 6.6, 'learn_rate': 0.001, 'dp_eps': None, 'dp_delta': None}
[2026-06-14 18:49:35,565] INFO   : {'epoch': 3.0, 'is_checkpoint': 1, 'steps': 258, 'samples': 8216, 'trn_loss': 19.8762, 'val_loss': 20.1573, 'total_time': 3.9, 'learn_rate': 0.001, 'dp_eps': None, 'dp_delta': None}
[2026-06-14 18:49:36,084] INFO   : {'epoch': 8.0, 'is_checkpoint': 1, 'steps': 536, 'samples': 17068, 'trn_loss': 17.7011, 'val_loss': 17.8685, 'total_time': 7.4, 'learn_rate': 0.001, 'dp_eps': None, 'dp_delta': None}
[2026-06-14 18:49:36,607] INFO   : {'epoch': 4.0, 'is_checkpoint': 1, 'steps': 344, 'samples': 10948, 'trn_loss': 19.3634, 'val_loss': 19.668, 'total_time': 5.0, 'learn_rate': 0.001, 'dp_eps': None, 'dp_delta': None}
[2026-06-14 18:49:36,886] INFO   : {'epoch': 9.0, 'is_checkpoint': 1, 'steps': 603, 'samples': 19200, 'trn_loss': 17.4077, 'val_loss': 17.5467, 'total_time': 8.2, 'learn_rate': 0.001, 'dp_eps': None, 'dp_delta': None}
[2026-06-14 18:49:37,646] INFO   : {'epoch': 5.0, 'is_checkpoint': 1, 'steps': 430, 'samples': 13680, 'trn_loss': 18.7935, 'val_loss': 19.1172, 'total_time': 6.0, 'learn_rate': 0.001, 'dp_eps': None, 'dp_delta': None}
[2026-06-14 18:49:37,689] INFO   : {'epoch': 10.0, 'is_checkpoint': 1, 'steps': 670, 'samples': 21332, 'trn_loss': 17.087, 'val_loss': 17.3148, 'total_time': 9.0, 'learn_rate': 0.001, 'dp_eps': None, 'dp_delta': None}
[2026-06-14 18:49:38,495] INFO   : {'epoch': 11.0, 'is_checkpoint': 1, 'steps': 737, 'samples': 23464, 'trn_loss': 16.8235, 'val_loss': 17.0778, 'total_time': 9.8, 'learn_rate': 0.001, 'dp_eps': None, 'dp_delta': None}
[2026-06-14 18:49:38,690] INFO   : {'epoch': 6.0, 'is_checkpoint': 1, 'steps': 516, 'samples': 16412, 'trn_loss': 18.3674, 'val_loss': 18.7576, 'total_time': 7.0, 'learn_rate': 0.001, 'dp_eps': None, 'dp_delta': None}
[2026-06-14 18:49:39,298] INFO   : {'epoch': 12.0, 'is_checkpoint': 1, 'steps': 804, 'samples': 25596, 'trn_loss': 16.6639, 'val_loss': 16.8934, 'total_time': 10.6, 'learn_rate': 0.001, 'dp_eps': None, 'dp_delta': None}
[2026-06-14 18:49:39,729] INFO   : {'epoch': 7.0, 'is_checkpoint': 1, 'steps': 602, 'samples': 19144, 'trn_loss': 18.0026, 'val_loss': 18.3237, 'total_time': 8.1, 'learn_rate': 0.001, 'dp_eps': None, 'dp_delta': None}
[2026-06-14 18:49:40,100] INFO   : {'epoch': 13.0, 'is_checkpoint': 1, 'steps': 871, 'samples': 27728, 'trn_loss': 16.4117, 'val_loss': 16.8475, 'total_time': 11.4, 'learn_rate': 0.001, 'dp_eps': None, 'dp_delta': None}
[2026-06-14 18:49:40,772] INFO   : {'epoch': 8.0, 'is_checkpoint': 1, 'steps': 688, 'samples': 21876, 'trn_loss': 17.6033, 'val_loss': 18.0368, 'total_time': 9.1, 'learn_rate': 0.001, 'dp_eps': None, 'dp_delta': None}
[2026-06-14 18:49:40,907] INFO   : {'epoch': 14.0, 'is_checkpoint': 1, 'steps': 938, 'samples': 29860, 'trn_loss': 16.3844, 'val_loss': 16.8475, 'total_time': 12.2, 'learn_rate': 0.001, 'dp_eps': None, 'dp_delta': None}
[2026-06-14 18:49:41,711] INFO   : {'epoch': 15.0, 'is_checkpoint': 1, 'steps': 1005, 'samples': 31992, 'trn_loss': 16.0315, 'val_loss': 16.6706, 'total_time': 13.0, 'learn_rate': 0.001, 'dp_eps': None, 'dp_delta': None}
[2026-06-14 18:49:41,812] INFO   : {'epoch': 9.0, 'is_checkpoint': 1, 'steps': 774, 'samples': 24608, 'trn_loss': 17.4152, 'val_loss': 17.8674, 'total_time': 10.2, 'learn_rate': 0.001, 'dp_eps': None, 'dp_delta': None}
[2026-06-14 18:49:42,521] INFO   : {'epoch': 16.0, 'is_checkpoint': 1, 'steps': 1072, 'samples': 34124, 'trn_loss': 16.0467, 'val_loss': 16.6283, 'total_time': 13.8, 'learn_rate': 0.001, 'dp_eps': None, 'dp_delta': None}
[2026-06-14 18:49:42,855] INFO   : {'epoch': 10.0, 'is_checkpoint': 1, 'steps': 860, 'samples': 27340, 'trn_loss': 17.2004, 'val_loss': 17.6105, 'total_time': 11.2, 'learn_rate': 0.001, 'dp_eps': None, 'dp_delta': None}
[2026-06-14 18:49:43,316] INFO   : {'epoch': 17.0, 'is_checkpoint': 0, 'steps': 1139, 'samples': 36256, 'trn_loss': 15.9151, 'val_loss': 16.6432, 'total_time': 14.6, 'learn_rate': 0.001, 'dp_eps': None, 'dp_delta': None}
[2026-06-14 18:49:43,896] INFO   : {'epoch': 11.0, 'is_checkpoint': 1, 'steps': 946, 'samples': 30072, 'trn_loss': 16.9437, 'val_loss': 17.3985, 'total_time': 12.2, 'learn_rate': 0.001, 'dp_eps': None, 'dp_delta': None}
[2026-06-14 18:49:44,124] INFO   : {'epoch': 18.0, 'is_checkpoint': 1, 'steps': 1206, 'samples': 38388, 'trn_loss': 15.9159, 'val_loss': 16.4559, 'total_time': 15.4, 'learn_rate': 0.001, 'dp_eps': None, 'dp_delta': None}
[2026-06-14 18:49:44,921] INFO   : {'epoch': 19.0, 'is_checkpoint': 0, 'steps': 1273, 'samples': 40520, 'trn_loss': 15.6588, 'val_loss': 16.4854, 'total_time': 16.2, 'learn_rate': 0.001, 'dp_eps': None, 'dp_delta': None}
[2026-06-14 18:49:44,937] INFO   : {'epoch': 12.0, 'is_checkpoint': 1, 'steps': 1032, 'samples': 32804, 'trn_loss': 16.7285, 'val_loss': 17.2468, 'total_time': 13.3, 'learn_rate': 0.001, 'dp_eps': None, 'dp_delta': None}
[2026-06-14 18:49:45,731] INFO   : {'epoch': 20.0, 'is_checkpoint': 1, 'steps': 1340, 'samples': 42652, 'trn_loss': 15.6275, 'val_loss': 16.3628, 'total_time': 17.0, 'learn_rate': 0.001, 'dp_eps': None, 'dp_delta': None}
[2026-06-14 18:49:45,967] INFO   : {'epoch': 13.0, 'is_checkpoint': 0, 'steps': 1118, 'samples': 35536, 'trn_loss': 16.6047, 'val_loss': 17.3021, 'total_time': 14.3, 'learn_rate': 0.001, 'dp_eps': None, 'dp_delta': None}
[2026-06-14 18:49:46,527] INFO   : {'epoch': 21.0, 'is_checkpoint': 0, 'steps': 1407, 'samples': 44784, 'trn_loss': 15.5093, 'val_loss': 16.4253, 'total_time': 17.8, 'learn_rate': 0.001, 'dp_eps': None, 'dp_delta': None}
[2026-06-14 18:49:47,008] INFO   : {'epoch': 14.0, 'is_checkpoint': 1, 'steps': 1204, 'samples': 38268, 'trn_loss': 16.5577, 'val_loss': 17.1843, 'total_time': 15.4, 'learn_rate': 0.001, 'dp_eps': None, 'dp_delta': None}
[2026-06-14 18:49:47,324] INFO   : {'epoch': 22.0, 'is_checkpoint': 0, 'steps': 1474, 'samples': 46916, 'trn_loss': 15.4897, 'val_loss': 16.3694, 'total_time': 18.6, 'learn_rate': 0.001, 'dp_eps': None, 'dp_delta': None}
[2026-06-14 18:49:48,046] INFO   : {'epoch': 15.0, 'is_checkpoint': 1, 'steps': 1290, 'samples': 41000, 'trn_loss': 16.3249, 'val_loss': 17.0748, 'total_time': 16.4, 'learn_rate': 0.001, 'dp_eps': None, 'dp_delta': None}
[2026-06-14 18:49:48,129] INFO   : {'epoch': 23.0, 'is_checkpoint': 1, 'steps': 1541, 'samples': 49048, 'trn_loss': 15.3286, 'val_loss': 16.348, 'total_time': 19.4, 'learn_rate': 0.001, 'dp_eps': None, 'dp_delta': None}
[2026-06-14 18:49:48,929] INFO   : {'epoch': 24.0, 'is_checkpoint': 0, 'steps': 1608, 'samples': 51180, 'trn_loss': 15.4209, 'val_loss': 16.4053, 'total_time': 20.2, 'learn_rate': 0.001, 'dp_eps': None, 'dp_delta': None}
[2026-06-14 18:49:49,089] INFO   : {'epoch': 16.0, 'is_checkpoint': 1, 'steps': 1376, 'samples': 43732, 'trn_loss': 16.3543, 'val_loss': 17.0334, 'total_time': 17.4, 'learn_rate': 0.001, 'dp_eps': None, 'dp_delta': None}
[2026-06-14 18:49:49,735] INFO   : {'epoch': 25.0, 'is_checkpoint': 1, 'steps': 1675, 'samples': 53312, 'trn_loss': 15.284, 'val_loss': 16.3137, 'total_time': 21.0, 'learn_rate': 0.001, 'dp_eps': None, 'dp_delta': None}
[2026-06-14 18:49:50,127] INFO   : {'epoch': 17.0, 'is_checkpoint': 1, 'steps': 1462, 'samples': 46464, 'trn_loss': 16.163, 'val_loss': 16.9367, 'total_time': 18.5, 'learn_rate': 0.001, 'dp_eps': None, 'dp_delta': None}
[2026-06-14 18:49:50,542] INFO   : {'epoch': 26.0, 'is_checkpoint': 1, 'steps': 1742, 'samples': 55444, 'trn_loss': 15.23, 'val_loss': 16.2805, 'total_time': 21.8, 'learn_rate': 0.001, 'dp_eps': None, 'dp_delta': None}
[2026-06-14 18:49:51,169] INFO   : {'epoch': 18.0, 'is_checkpoint': 1, 'steps': 1548, 'samples': 49196, 'trn_loss': 16.0507, 'val_loss': 16.8737, 'total_time': 19.5, 'learn_rate': 0.001, 'dp_eps': None, 'dp_delta': None}
[2026-06-14 18:49:51,351] INFO   : {'epoch': 27.0, 'is_checkpoint': 1, 'steps': 1809, 'samples': 57576, 'trn_loss': 15.1284, 'val_loss': 16.2453, 'total_time': 22.6, 'learn_rate': 0.001, 'dp_eps': None, 'dp_delta': None}
[2026-06-14 18:49:52,146] INFO   : {'epoch': 28.0, 'is_checkpoint': 0, 'steps': 1876, 'samples': 59708, 'trn_loss': 15.2093, 'val_loss': 16.3193, 'total_time': 23.4, 'learn_rate': 0.001, 'dp_eps': None, 'dp_delta': None}
[2026-06-14 18:49:52,208] INFO   : {'epoch': 19.0, 'is_checkpoint': 1, 'steps': 1634, 'samples': 51928, 'trn_loss': 15.9867, 'val_loss': 16.8377, 'total_time': 20.6, 'learn_rate': 0.001, 'dp_eps': None, 'dp_delta': None}
[2026-06-14 18:49:52,943] INFO   : {'epoch': 29.0, 'is_checkpoint': 0, 'steps': 1943, 'samples': 61840, 'trn_loss': 15.0943, 'val_loss': 16.3271, 'total_time': 24.2, 'learn_rate': 0.001, 'dp_eps': None, 'dp_delta': None}
[2026-06-14 18:49:53,239] INFO   : {'epoch': 20.0, 'is_checkpoint': 0, 'steps': 1720, 'samples': 54660, 'trn_loss': 15.9698, 'val_loss': 16.8464, 'total_time': 21.6, 'learn_rate': 0.001, 'dp_eps': None, 'dp_delta': None}
[2026-06-14 18:49:53,741] INFO   : {'epoch': 30.0, 'is_checkpoint': 0, 'steps': 2010, 'samples': 63972, 'trn_loss': 15.1304, 'val_loss': 16.2688, 'total_time': 25.0, 'learn_rate': 0.001, 'dp_eps': None, 'dp_delta': None}
[2026-06-14 18:49:54,267] INFO   : {'epoch': 21.0, 'is_checkpoint': 0, 'steps': 1806, 'samples': 57392, 'trn_loss': 15.922, 'val_loss': 16.892, 'total_time': 22.6, 'learn_rate': 0.001, 'dp_eps': None, 'dp_delta': None}
[2026-06-14 18:49:54,535] INFO   : {'epoch': 31.0, 'is_checkpoint': 0, 'steps': 2077, 'samples': 66104, 'trn_loss': 14.9185, 'val_loss': 16.256, 'total_time': 25.8, 'learn_rate': 0.0005, 'dp_eps': None, 'dp_delta': None}
[2026-06-14 18:49:55,298] INFO   : {'epoch': 22.0, 'is_checkpoint': 0, 'steps': 1892, 'samples': 60124, 'trn_loss': 15.7691, 'val_loss': 16.8685, 'total_time': 23.6, 'learn_rate': 0.001, 'dp_eps': None, 'dp_delta': None}
[2026-06-14 18:49:55,345] INFO   : {'epoch': 32.0, 'is_checkpoint': 1, 'steps': 2144, 'samples': 68236, 'trn_loss': 14.8745, 'val_loss': 16.237, 'total_time': 26.6, 'learn_rate': 0.0005, 'dp_eps': None, 'dp_delta': None}
[2026-06-14 18:49:56,140] INFO   : {'epoch': 33.0, 'is_checkpoint': 0, 'steps': 2211, 'samples': 70368, 'trn_loss': 14.8385, 'val_loss': 16.2464, 'total_time': 27.4, 'learn_rate': 0.0005, 'dp_eps': None, 'dp_delta': None}
[2026-06-14 18:49:56,338] INFO   : {'epoch': 23.0, 'is_checkpoint': 1, 'steps': 1978, 'samples': 62856, 'trn_loss': 15.7977, 'val_loss': 16.7361, 'total_time': 24.7, 'learn_rate': 0.0005, 'dp_eps': None, 'dp_delta': None}
[2026-06-14 18:49:56,947] INFO   : {'epoch': 34.0, 'is_checkpoint': 1, 'steps': 2278, 'samples': 72500, 'trn_loss': 14.821, 'val_loss': 16.202, 'total_time': 28.2, 'learn_rate': 0.0005, 'dp_eps': None, 'dp_delta': None}
[2026-06-14 18:49:57,367] INFO   : {'epoch': 24.0, 'is_checkpoint': 0, 'steps': 2064, 'samples': 65588, 'trn_loss': 15.5934, 'val_loss': 16.7623, 'total_time': 25.7, 'learn_rate': 0.0005, 'dp_eps': None, 'dp_delta': None}
[2026-06-14 18:49:57,744] INFO   : {'epoch': 35.0, 'is_checkpoint': 0, 'steps': 2345, 'samples': 74632, 'trn_loss': 14.7338, 'val_loss': 16.2703, 'total_time': 29.0, 'learn_rate': 0.0005, 'dp_eps': None, 'dp_delta': None}
[2026-06-14 18:49:58,408] INFO   : {'epoch': 25.0, 'is_checkpoint': 1, 'steps': 2150, 'samples': 68320, 'trn_loss': 15.6346, 'val_loss': 16.7307, 'total_time': 26.8, 'learn_rate': 0.0005, 'dp_eps': None, 'dp_delta': None}
[2026-06-14 18:49:58,550] INFO   : {'epoch': 36.0, 'is_checkpoint': 1, 'steps': 2412, 'samples': 76764, 'trn_loss': 14.7327, 'val_loss': 16.1999, 'total_time': 29.8, 'learn_rate': 0.0005, 'dp_eps': None, 'dp_delta': None}
[2026-06-14 18:49:59,346] INFO   : {'epoch': 37.0, 'is_checkpoint': 0, 'steps': 2479, 'samples': 78896, 'trn_loss': 14.866, 'val_loss': 16.3043, 'total_time': 30.6, 'learn_rate': 0.0005, 'dp_eps': None, 'dp_delta': None}
[2026-06-14 18:49:59,437] INFO   : {'epoch': 26.0, 'is_checkpoint': 0, 'steps': 2236, 'samples': 71052, 'trn_loss': 15.5723, 'val_loss': 16.7619, 'total_time': 27.8, 'learn_rate': 0.0005, 'dp_eps': None, 'dp_delta': None}
[2026-06-14 18:50:00,143] INFO   : {'epoch': 38.0, 'is_checkpoint': 0, 'steps': 2546, 'samples': 81028, 'trn_loss': 14.6353, 'val_loss': 16.2047, 'total_time': 31.4, 'learn_rate': 0.0005, 'dp_eps': None, 'dp_delta': None}
[2026-06-14 18:50:00,465] INFO   : {'epoch': 27.0, 'is_checkpoint': 0, 'steps': 2322, 'samples': 73784, 'trn_loss': 15.5679, 'val_loss': 16.7465, 'total_time': 28.8, 'learn_rate': 0.0005, 'dp_eps': None, 'dp_delta': None}
[2026-06-14 18:50:00,937] INFO   : {'epoch': 39.0, 'is_checkpoint': 0, 'steps': 2613, 'samples': 83160, 'trn_loss': 14.6914, 'val_loss': 16.2916, 'total_time': 32.2, 'learn_rate': 0.0005, 'dp_eps': None, 'dp_delta': None}
[2026-06-14 18:50:01,503] INFO   : {'epoch': 28.0, 'is_checkpoint': 1, 'steps': 2408, 'samples': 76516, 'trn_loss': 15.5605, 'val_loss': 16.6722, 'total_time': 29.8, 'learn_rate': 0.0005, 'dp_eps': None, 'dp_delta': None}
[2026-06-14 18:50:01,734] INFO   : {'epoch': 40.0, 'is_checkpoint': 0, 'steps': 2680, 'samples': 85292, 'trn_loss': 14.6301, 'val_loss': 16.2757, 'total_time': 33.0, 'learn_rate': 0.00025, 'dp_eps': None, 'dp_delta': None}
[2026-06-14 18:50:02,527] INFO   : early stopping: val_loss stopped improving
[2026-06-14 18:50:02,528] INFO   : {'epoch': 41.0, 'is_checkpoint': 0, 'steps': 2747, 'samples': 87424, 'trn_loss': 14.6924, 'val_loss': 16.2745, 'total_time': 33.8, 'learn_rate': 0.00025, 'dp_eps': None, 'dp_delta': None}
[2026-06-14 18:50:02,531] INFO   : {'epoch': 29.0, 'is_checkpoint': 0, 'steps': 2494, 'samples': 79248, 'trn_loss': 15.5396, 'val_loss': 16.7162, 'total_time': 30.9, 'learn_rate': 0.0005, 'dp_eps': None, 'dp_delta': None}
[2026-06-14 18:50:02,531] INFO   : TRAIN_TABULAR finished in 34.64s
[2026-06-14 18:50:03,574] INFO   : {'epoch': 30.0, 'is_checkpoint': 1, 'steps': 2580, 'samples': 81980, 'trn_loss': 15.4386, 'val_loss': 16.6279, 'total_time': 31.9, 'learn_rate': 0.0005, 'dp_eps': None, 'dp_delta': None}
2026-06-14 18:50:03 [INFO] paysim — [fold=2] ✔ DONE  train_m1  (48.2s)
2026-06-14 18:50:03 [INFO] paysim — [fold=2] m1_only=True — skipping M2 and M3 training
2026-06-14 18:50:03 [INFO] paysim — [fold=2] ✔ DONE  train_all_argns  (53.1s)
2026-06-14 18:50:03 [INFO] paysim — [fold=2] ▶ START generate_all_pools
2026-06-14 18:50:03 [INFO] paysim — [fold=2] Generating M1 only on cuda:0
2026-06-14 18:50:03 [INFO] paysim — [fold=2] ▶ START generate_m1
[2026-06-14 18:50:04,606] INFO   : {'epoch': 31.0, 'is_checkpoint': 0, 'steps': 2666, 'samples': 84712, 'trn_loss': 15.5146, 'val_loss': 16.6936, 'total_time': 32.9, 'learn_rate': 0.0005, 'dp_eps': None, 'dp_delta': None}
2026-06-14 18:50:04 [INFO] paysim — [fold=2] M1 pool: 150,000/50,000 fraud rows (round 1)
2026-06-14 18:50:05 [INFO] paysim — [fold=2] M1 pool saved: 50,000 fraud rows → /shared/paysim-sarmad/synthetic/fold_2/pool_m1.csv
2026-06-14 18:50:05 [INFO] paysim — [fold=2] ✔ DONE  generate_m1  (1.6s)
2026-06-14 18:50:05 [INFO] paysim — [fold=2] ✔ DONE  generate_all_pools  (1.6s)
2026-06-14 18:50:05 [INFO] paysim — [fold=2] TOTAL elapsed: 65.0s  (0.02h)
2026-06-14 18:50:05 [INFO] paysim — [fold=2] stop_after_generation=True — skipping baseline_eval + optuna_studies
2026-06-14 18:50:05 [INFO] paysim — [fold=2] Combined fraud pool exported: 50000 rows → /shared/paysim-sarmad/synthetic/for_classifier/split_2.csv
2026-06-14 18:50:05 [INFO] paysim — [fold=2] Results saved → /shared/paysim-sarmad/results/fold_2_results.json
[2026-06-14 18:50:05,646] INFO   : {'epoch': 32.0, 'is_checkpoint': 0, 'steps': 2752, 'samples': 87444, 'trn_loss': 15.486, 'val_loss': 16.6904, 'total_time': 34.0, 'learn_rate': 0.0005, 'dp_eps': None, 'dp_delta': None}
[2026-06-14 18:50:06,660] INFO   : {'epoch': 33.0, 'is_checkpoint': 0, 'steps': 2838, 'samples': 90176, 'trn_loss': 15.3328, 'val_loss': 16.7084, 'total_time': 35.0, 'learn_rate': 0.0005, 'dp_eps': None, 'dp_delta': None}
[2026-06-14 18:50:07,663] INFO   : {'epoch': 34.0, 'is_checkpoint': 0, 'steps': 2924, 'samples': 92908, 'trn_loss': 15.3595, 'val_loss': 16.7016, 'total_time': 36.0, 'learn_rate': 0.00025, 'dp_eps': None, 'dp_delta': None}
[2026-06-14 18:50:08,677] INFO   : early stopping: val_loss stopped improving
[2026-06-14 18:50:08,678] INFO   : {'epoch': 35.0, 'is_checkpoint': 0, 'steps': 3010, 'samples': 95640, 'trn_loss': 15.352, 'val_loss': 16.673, 'total_time': 37.0, 'learn_rate': 0.00025, 'dp_eps': None, 'dp_delta': None}
[2026-06-14 18:50:08,681] INFO   : TRAIN_TABULAR finished in 37.84s
2026-06-14 18:50:09 [INFO] paysim — [fold=3] ✔ DONE  train_m1  (51.2s)
2026-06-14 18:50:09 [INFO] paysim — [fold=3] m1_only=True — skipping M2 and M3 training
2026-06-14 18:50:09 [INFO] paysim — [fold=3] ✔ DONE  train_all_argns  (56.1s)
2026-06-14 18:50:09 [INFO] paysim — [fold=3] ▶ START generate_all_pools
2026-06-14 18:50:09 [INFO] paysim — [fold=3] Generating M1 only on cuda:0
2026-06-14 18:50:09 [INFO] paysim — [fold=3] ▶ START generate_m1
2026-06-14 18:50:11 [INFO] paysim — [fold=3] M1 pool: 150,000/50,000 fraud rows (round 1)
2026-06-14 18:50:11 [INFO] paysim — [fold=3] M1 pool saved: 50,000 fraud rows → /shared/paysim-sarmad/synthetic/fold_3/pool_m1.csv
2026-06-14 18:50:11 [INFO] paysim — [fold=3] ✔ DONE  generate_m1  (1.5s)
2026-06-14 18:50:11 [INFO] paysim — [fold=3] ✔ DONE  generate_all_pools  (1.5s)
2026-06-14 18:50:11 [INFO] paysim — [fold=3] TOTAL elapsed: 71.0s  (0.02h)
2026-06-14 18:50:11 [INFO] paysim — [fold=3] stop_after_generation=True — skipping baseline_eval + optuna_studies
2026-06-14 18:50:11 [INFO] paysim — [fold=3] Combined fraud pool exported: 50000 rows → /shared/paysim-sarmad/synthetic/for_classifier/split_3.csv
2026-06-14 18:50:11 [INFO] paysim — [fold=3] Results saved → /shared/paysim-sarmad/results/fold_3_results.json
[run_parallel] fold 2 complete
[run_parallel] fold 3 complete
[run_parallel] folds 2+3 done

============================================================
[run_parallel] Starting fold 4
============================================================
2026-06-14 18:54:47 [INFO] paysim — [fold=4] process started — physical GPU 0 → cuda:0
2026-06-14 18:54:49 [INFO] paysim — ============================================================
2026-06-14 18:54:49 [INFO] paysim — FOLD 4 — pipeline start
2026-06-14 18:54:49 [INFO] paysim — ============================================================
2026-06-14 18:54:49 [INFO] paysim — [fold=4] ▶ START load_data
2026-06-14 18:55:00 [INFO] paysim — train: 5,314,741 rows | fraud=4,165 (0.078%)
2026-06-14 18:55:00 [INFO] paysim — test: 1,047,879 rows | fraud=4,048 (0.386%)
2026-06-14 18:55:00 [INFO] paysim — [fold=4] ✔ DONE  load_data  (10.9s)
2026-06-14 18:55:03 [INFO] paysim — train_argn (holdout reserved, unused): 4,251,792 rows | fraud=3,332 (0.078%)
2026-06-14 18:55:03 [INFO] paysim — holdout (reserved, unused): 1,062,949 rows | fraud=833 (0.078%)
2026-06-14 18:55:05 [INFO] paysim — M1: 4,165 rows | fraud=4,165 (100.000%)
2026-06-14 18:55:05 [INFO] paysim — M2: 535,223 rows | fraud=4,165 (0.778%)
2026-06-14 18:55:05 [INFO] paysim — M3: 5,314,741 rows | fraud=4,165 (0.078%)
2026-06-14 18:55:05 [INFO] paysim — [fold=4] ▶ START train_all_argns
2026-06-14 18:55:09 [INFO] mostlyai.engine._common — running on Python (3.11.15)
2026-06-14 18:55:09 [INFO] paysim — [fold=4] ▶ START train_m1
[2026-06-14 18:55:09,493] INFO   : SPLIT started
[2026-06-14 18:55:09,494] INFO   : create `/shared/paysim-sarmad/models/fold_4/m1/OriginalData/tgt-data`
[2026-06-14 18:55:09,494] INFO   : create `/shared/paysim-sarmad/models/fold_4/m1/OriginalData/tgt-meta`
[2026-06-14 18:55:09,494] INFO   : model_type='TABULAR'
[2026-06-14 18:55:09,494] INFO   : tgt_encoding_types={'step': 'TABULAR_NUMERIC_AUTO', 'type': 'TABULAR_CATEGORICAL', 'amount': 'TABULAR_NUMERIC_AUTO', 'oldbalanceOrg': 'TABULAR_NUMERIC_AUTO', 'newbalanceOrig': 'TABULAR_NUMERIC_AUTO', 'oldbalanceDest': 'TABULAR_NUMERIC_AUTO', 'newbalanceDest': 'TABULAR_NUMERIC_AUTO', 'isFraud': 'TABULAR_NUMERIC_AUTO'}
[2026-06-14 18:55:09,506] INFO   : SPLIT finished in 0.01s
[2026-06-14 18:55:09,506] INFO   : ANALYZE started
[2026-06-14 18:55:09,507] INFO   : create `/shared/paysim-sarmad/models/fold_4/m1/ModelStore/tgt-stats`
[2026-06-14 18:55:09,507] INFO   : analyzing 2 partitions in parallel
[2026-06-14 18:55:15,567] INFO   : analyzed target partition 000000-trn (3332, 8)
[2026-06-14 18:55:21,352] INFO   : analyzed target partition 000000-val (833, 8)
[2026-06-14 18:55:21,353] INFO   : combine partition statistics
[2026-06-14 18:55:21,360] INFO   : value_protection = True
[2026-06-14 18:55:21,360] INFO   : analyzed column `step`: TABULAR_NUMERIC_DIGIT {'E2': 4, 'E1': 10, 'E0': 10}
[2026-06-14 18:55:21,360] INFO   : analyzed column `type`: TABULAR_CATEGORICAL {'cat': 3}
[2026-06-14 18:55:21,362] INFO   : analyzed column `amount`: TABULAR_NUMERIC_BINNED {'bin': 103}
[2026-06-14 18:55:21,363] INFO   : analyzed column `oldbalanceOrg`: TABULAR_NUMERIC_BINNED {'bin': 103}
[2026-06-14 18:55:21,364] INFO   : analyzed column `newbalanceOrig`: TABULAR_NUMERIC_BINNED {'bin': 26}
[2026-06-14 18:55:21,368] INFO   : analyzed column `oldbalanceDest`: TABULAR_NUMERIC_BINNED {'bin': 103}
[2026-06-14 18:55:21,371] INFO   : analyzed column `newbalanceDest`: TABULAR_NUMERIC_BINNED {'bin': 103}
[2026-06-14 18:55:21,371] INFO   : analyzed column `isFraud`: TABULAR_NUMERIC_DISCRETE {'cat': 2}
[2026-06-14 18:55:21,371] INFO   : analyzed 4,165 records: 3,332 training / 833 validation
[2026-06-14 18:55:21,371] INFO   : is_sequential: False
[2026-06-14 18:55:21,372] INFO   : write statistics to `/shared/paysim-sarmad/models/fold_4/m1/ModelStore/tgt-stats/stats.json`
[2026-06-14 18:55:21,373] INFO   : ANALYZE finished in 11.87s
[2026-06-14 18:55:21,374] INFO   : ENCODE_TABULAR started
[2026-06-14 18:55:21,374] INFO   : create `/shared/paysim-sarmad/models/fold_4/m1/OriginalData/encoded-data`
[2026-06-14 18:55:21,375] INFO   : clean `/shared/paysim-sarmad/models/fold_4/m1/OriginalData/encoded-data`
[2026-06-14 18:55:21,375] INFO   : clean `/shared/paysim-sarmad/models/fold_4/m1/OriginalData/encoded-data`
[2026-06-14 18:55:21,414] INFO   : encoded partition part.000000-trn.parquet (3332, 10)
[2026-06-14 18:55:21,442] INFO   : encoded partition part.000000-val.parquet (833, 10)
[2026-06-14 18:55:21,442] INFO   : ENCODE_TABULAR finished in 0.07s
[2026-06-14 18:55:21,443] INFO   : TRAIN_TABULAR started
[2026-06-14 18:55:21,448] INFO   : numpy=2.4.4, pandas=2.3.3
[2026-06-14 18:55:21,449] INFO   : torch=2.5.1+cu121, opacus=1.4.0
[2026-06-14 18:55:21,449] INFO   : device=device(type='cuda', index=0)
[2026-06-14 18:55:21,450] INFO   : is_sequential=False
[2026-06-14 18:55:21,450] INFO   : max_training_time=864000.0s
[2026-06-14 18:55:21,450] INFO   : max_epochs=50
[2026-06-14 18:55:21,450] INFO   : model_size=<ModelSize.M: 'M'>
[2026-06-14 18:55:21,450] INFO   : enable_flexible_generation=True
[2026-06-14 18:55:21,450] INFO   : with_dp=False
[2026-06-14 18:55:21,450] INFO   : model_state_strategy=<ModelStateStrategy.reset: 'RESET'>
[2026-06-14 18:55:21,451] INFO   : max_sequence_window=np.int64(1)
[2026-06-14 18:55:21,456] INFO   : create training model
[2026-06-14 18:55:21,923] INFO   : initializing predictor bias with empirical log probabilities
[2026-06-14 18:55:21,926] INFO   : model class: FlatModel
[2026-06-14 18:55:21,927] INFO   : model weights not found; change strategy from ModelStateStrategy.reset to RESET
[2026-06-14 18:55:21,927] INFO   : model_state_strategy=<ModelStateStrategy.reset: 'RESET'>
[2026-06-14 18:55:21,927] INFO   : remove existing checkpoint files
[2026-06-14 18:55:21,927] INFO   : start training progress from epoch=0.0, steps=0
[2026-06-14 18:55:21,928] INFO   : no_of_model_params=np.int64(83708)
2026-06-14 18:55:22 [INFO] httpx — HTTP Request: HEAD https://s3.amazonaws.com/datasets.huggingface.co/datasets/datasets/parquet/parquet.py "HTTP/1.1 404 Not Found"
2026-06-14 18:55:22 [INFO] httpx — HTTP Request: HEAD https://s3.amazonaws.com/datasets.huggingface.co/datasets/datasets/parquet/parquet.py "HTTP/1.1 404 Not Found"
[2026-06-14 18:55:22,280] INFO   : trn_cnt=3332, val_cnt=833
[2026-06-14 18:55:22,280] INFO   : len(tgt_sub_columns)=10, len(ctxflt_sub_columns)=0, len(ctxseq_sub_columns)=0
[2026-06-14 18:55:22,280] INFO   : tgt_cardinalities_deciles=[np.int64(2), np.int64(2), np.int64(3), np.int64(4), np.int64(10), np.int64(10), np.int64(26), np.int64(103), np.int64(103), np.int64(103), np.int64(103)]
[2026-06-14 18:55:22,280] INFO   : trn_batch_size=32, val_batch_size=32
[2026-06-14 18:55:22,280] INFO   : trn_steps=104, val_steps=26
[2026-06-14 18:55:22,280] INFO   : batch_size=32, gradient_accumulation_steps=1, initial_lr=np.float64(0.001)
[2026-06-14 18:55:23,035] INFO   : {'epoch': 0.01, 'is_checkpoint': 0, 'steps': 1, 'samples': 32, 'trn_loss': 22.7045, 'val_loss': None, 'total_time': 0.8, 'learn_rate': 0.001, 'dp_eps': None, 'dp_delta': None}
[2026-06-14 18:55:24,261] INFO   : {'epoch': 1.0, 'is_checkpoint': 1, 'steps': 104, 'samples': 3328, 'trn_loss': 21.1656, 'val_loss': 20.9742, 'total_time': 2.0, 'learn_rate': 0.001, 'dp_eps': None, 'dp_delta': None}
[2026-06-14 18:55:25,497] INFO   : {'epoch': 2.0, 'is_checkpoint': 1, 'steps': 208, 'samples': 6628, 'trn_loss': 20.4967, 'val_loss': 20.4888, 'total_time': 3.2, 'learn_rate': 0.001, 'dp_eps': None, 'dp_delta': None}
[2026-06-14 18:55:26,716] INFO   : {'epoch': 3.0, 'is_checkpoint': 1, 'steps': 312, 'samples': 9928, 'trn_loss': 19.9547, 'val_loss': 19.9815, 'total_time': 4.4, 'learn_rate': 0.001, 'dp_eps': None, 'dp_delta': None}
[2026-06-14 18:55:27,939] INFO   : {'epoch': 4.0, 'is_checkpoint': 1, 'steps': 416, 'samples': 13228, 'trn_loss': 19.3286, 'val_loss': 19.335, 'total_time': 5.7, 'learn_rate': 0.001, 'dp_eps': None, 'dp_delta': None}
[2026-06-14 18:55:29,156] INFO   : {'epoch': 5.0, 'is_checkpoint': 1, 'steps': 520, 'samples': 16528, 'trn_loss': 18.8117, 'val_loss': 18.8393, 'total_time': 6.9, 'learn_rate': 0.001, 'dp_eps': None, 'dp_delta': None}
[2026-06-14 18:55:30,384] INFO   : {'epoch': 6.0, 'is_checkpoint': 1, 'steps': 624, 'samples': 19828, 'trn_loss': 18.3085, 'val_loss': 18.4068, 'total_time': 8.1, 'learn_rate': 0.001, 'dp_eps': None, 'dp_delta': None}
[2026-06-14 18:55:31,597] INFO   : {'epoch': 7.0, 'is_checkpoint': 1, 'steps': 728, 'samples': 23128, 'trn_loss': 17.8537, 'val_loss': 18.1192, 'total_time': 9.3, 'learn_rate': 0.001, 'dp_eps': None, 'dp_delta': None}
[2026-06-14 18:55:32,821] INFO   : {'epoch': 8.0, 'is_checkpoint': 1, 'steps': 832, 'samples': 26428, 'trn_loss': 17.6313, 'val_loss': 17.7715, 'total_time': 10.5, 'learn_rate': 0.001, 'dp_eps': None, 'dp_delta': None}
[2026-06-14 18:55:34,044] INFO   : {'epoch': 9.0, 'is_checkpoint': 1, 'steps': 936, 'samples': 29728, 'trn_loss': 17.3319, 'val_loss': 17.6141, 'total_time': 11.8, 'learn_rate': 0.001, 'dp_eps': None, 'dp_delta': None}
[2026-06-14 18:55:35,267] INFO   : {'epoch': 10.0, 'is_checkpoint': 1, 'steps': 1040, 'samples': 33028, 'trn_loss': 17.1366, 'val_loss': 17.4862, 'total_time': 13.0, 'learn_rate': 0.001, 'dp_eps': None, 'dp_delta': None}
[2026-06-14 18:55:36,491] INFO   : {'epoch': 11.0, 'is_checkpoint': 1, 'steps': 1144, 'samples': 36328, 'trn_loss': 16.973, 'val_loss': 17.2478, 'total_time': 14.2, 'learn_rate': 0.001, 'dp_eps': None, 'dp_delta': None}
[2026-06-14 18:55:37,712] INFO   : {'epoch': 12.0, 'is_checkpoint': 1, 'steps': 1248, 'samples': 39628, 'trn_loss': 16.9127, 'val_loss': 17.2046, 'total_time': 15.4, 'learn_rate': 0.001, 'dp_eps': None, 'dp_delta': None}
[2026-06-14 18:55:38,941] INFO   : {'epoch': 13.0, 'is_checkpoint': 1, 'steps': 1352, 'samples': 42928, 'trn_loss': 16.6751, 'val_loss': 17.0688, 'total_time': 16.7, 'learn_rate': 0.001, 'dp_eps': None, 'dp_delta': None}
[2026-06-14 18:55:40,164] INFO   : {'epoch': 14.0, 'is_checkpoint': 1, 'steps': 1456, 'samples': 46228, 'trn_loss': 16.5797, 'val_loss': 17.0481, 'total_time': 17.9, 'learn_rate': 0.001, 'dp_eps': None, 'dp_delta': None}
[2026-06-14 18:55:41,392] INFO   : {'epoch': 15.0, 'is_checkpoint': 1, 'steps': 1560, 'samples': 49528, 'trn_loss': 16.5125, 'val_loss': 16.9232, 'total_time': 19.1, 'learn_rate': 0.001, 'dp_eps': None, 'dp_delta': None}
[2026-06-14 18:55:42,622] INFO   : {'epoch': 16.0, 'is_checkpoint': 1, 'steps': 1664, 'samples': 52828, 'trn_loss': 16.3694, 'val_loss': 16.9135, 'total_time': 20.3, 'learn_rate': 0.001, 'dp_eps': None, 'dp_delta': None}
[2026-06-14 18:55:43,853] INFO   : {'epoch': 17.0, 'is_checkpoint': 1, 'steps': 1768, 'samples': 56128, 'trn_loss': 16.2901, 'val_loss': 16.89, 'total_time': 21.6, 'learn_rate': 0.001, 'dp_eps': None, 'dp_delta': None}
[2026-06-14 18:55:45,088] INFO   : {'epoch': 18.0, 'is_checkpoint': 1, 'steps': 1872, 'samples': 59428, 'trn_loss': 16.1675, 'val_loss': 16.8229, 'total_time': 22.8, 'learn_rate': 0.001, 'dp_eps': None, 'dp_delta': None}
[2026-06-14 18:55:46,312] INFO   : {'epoch': 19.0, 'is_checkpoint': 1, 'steps': 1976, 'samples': 62728, 'trn_loss': 16.146, 'val_loss': 16.7433, 'total_time': 24.0, 'learn_rate': 0.001, 'dp_eps': None, 'dp_delta': None}
[2026-06-14 18:55:47,534] INFO   : {'epoch': 20.0, 'is_checkpoint': 0, 'steps': 2080, 'samples': 66028, 'trn_loss': 16.0867, 'val_loss': 16.7722, 'total_time': 25.3, 'learn_rate': 0.001, 'dp_eps': None, 'dp_delta': None}
[2026-06-14 18:55:48,736] INFO   : {'epoch': 21.0, 'is_checkpoint': 1, 'steps': 2184, 'samples': 69328, 'trn_loss': 16.0158, 'val_loss': 16.6207, 'total_time': 26.5, 'learn_rate': 0.001, 'dp_eps': None, 'dp_delta': None}
[2026-06-14 18:55:49,959] INFO   : {'epoch': 22.0, 'is_checkpoint': 0, 'steps': 2288, 'samples': 72628, 'trn_loss': 15.9185, 'val_loss': 16.6493, 'total_time': 27.7, 'learn_rate': 0.001, 'dp_eps': None, 'dp_delta': None}
[2026-06-14 18:55:51,171] INFO   : {'epoch': 23.0, 'is_checkpoint': 0, 'steps': 2392, 'samples': 75928, 'trn_loss': 15.9734, 'val_loss': 16.6652, 'total_time': 28.9, 'learn_rate': 0.001, 'dp_eps': None, 'dp_delta': None}
[2026-06-14 18:55:52,387] INFO   : {'epoch': 24.0, 'is_checkpoint': 1, 'steps': 2496, 'samples': 79228, 'trn_loss': 15.7878, 'val_loss': 16.5362, 'total_time': 30.1, 'learn_rate': 0.001, 'dp_eps': None, 'dp_delta': None}
[2026-06-14 18:55:53,600] INFO   : {'epoch': 25.0, 'is_checkpoint': 0, 'steps': 2600, 'samples': 82528, 'trn_loss': 15.7898, 'val_loss': 16.6395, 'total_time': 31.3, 'learn_rate': 0.001, 'dp_eps': None, 'dp_delta': None}
[2026-06-14 18:55:54,804] INFO   : {'epoch': 26.0, 'is_checkpoint': 0, 'steps': 2704, 'samples': 85828, 'trn_loss': 15.7425, 'val_loss': 16.5805, 'total_time': 32.5, 'learn_rate': 0.001, 'dp_eps': None, 'dp_delta': None}
[2026-06-14 18:55:56,011] INFO   : {'epoch': 27.0, 'is_checkpoint': 0, 'steps': 2808, 'samples': 89128, 'trn_loss': 15.8052, 'val_loss': 16.5538, 'total_time': 33.7, 'learn_rate': 0.001, 'dp_eps': None, 'dp_delta': None}
[2026-06-14 18:55:57,211] INFO   : {'epoch': 28.0, 'is_checkpoint': 0, 'steps': 2912, 'samples': 92428, 'trn_loss': 15.5889, 'val_loss': 16.554, 'total_time': 34.9, 'learn_rate': 0.0005, 'dp_eps': None, 'dp_delta': None}
[2026-06-14 18:55:58,422] INFO   : early stopping: val_loss stopped improving
[2026-06-14 18:55:58,422] INFO   : {'epoch': 29.0, 'is_checkpoint': 0, 'steps': 3016, 'samples': 95728, 'trn_loss': 15.5546, 'val_loss': 16.5936, 'total_time': 36.1, 'learn_rate': 0.0005, 'dp_eps': None, 'dp_delta': None}
[2026-06-14 18:55:58,426] INFO   : TRAIN_TABULAR finished in 36.98s
2026-06-14 18:55:59 [INFO] paysim — [fold=4] ✔ DONE  train_m1  (50.0s)
2026-06-14 18:55:59 [INFO] paysim — [fold=4] m1_only=True — skipping M2 and M3 training
2026-06-14 18:55:59 [INFO] paysim — [fold=4] ✔ DONE  train_all_argns  (54.4s)
2026-06-14 18:55:59 [INFO] paysim — [fold=4] ▶ START generate_all_pools
2026-06-14 18:55:59 [INFO] paysim — [fold=4] Generating M1 only on cuda:0
2026-06-14 18:55:59 [INFO] paysim — [fold=4] ▶ START generate_m1
2026-06-14 18:56:00 [INFO] paysim — [fold=4] M1 pool: 150,000/50,000 fraud rows (round 1)
2026-06-14 18:56:01 [INFO] paysim — [fold=4] M1 pool saved: 50,000 fraud rows → /shared/paysim-sarmad/synthetic/fold_4/pool_m1.csv
2026-06-14 18:56:01 [INFO] paysim — [fold=4] ✔ DONE  generate_m1  (1.5s)
2026-06-14 18:56:01 [INFO] paysim — [fold=4] ✔ DONE  generate_all_pools  (1.5s)
2026-06-14 18:56:01 [INFO] paysim — [fold=4] TOTAL elapsed: 72.0s  (0.02h)
2026-06-14 18:56:01 [INFO] paysim — [fold=4] stop_after_generation=True — skipping baseline_eval + optuna_studies
2026-06-14 18:56:01 [INFO] paysim — [fold=4] Combined fraud pool exported: 50000 rows → /shared/paysim-sarmad/synthetic/for_classifier/split_4.csv
2026-06-14 18:56:01 [INFO] paysim — [fold=4] Results saved → /shared/paysim-sarmad/results/fold_4_results.json
2026-06-14 18:56:01 [INFO] paysim — [fold=4] ==================================================
2026-06-14 18:56:01 [INFO] paysim — [fold=4] FOLD 4 DONE — total 72.0s (1.2min)
2026-06-14 18:56:01 [INFO] paysim — [fold=4] ==================================================
[run_parallel] fold 4 complete
[run_parallel] fold 4 done

[run_parallel] All 5 folds complete in 0.19h
